Component: ARM Compiler 5.06 update 6 (build 750) Tool: armlink [4d35ed]

==============================================================================

Section Cross References

    main.o(i.LL_Init) refers to main.o(i.__NVIC_SetPriority) for __NVIC_SetPriority
    main.o(i.SystemClock_Config) refers to main.o(i._Error_Handler) for _Error_Handler
    main.o(i.SystemClock_Config) refers to stm32f0xx_ll_utils.o(i.LL_Init1msTick) for LL_Init1msTick
    main.o(i.SystemClock_Config) refers to stm32f0xx_ll_utils.o(i.LL_SetSystemCoreClock) for LL_SetSystemCoreClock
    main.o(i.SystemClock_Config) refers to main.o(i.__NVIC_SetPriority) for __NVIC_SetPriority
    main.o(i.main) refers to main.o(i.LL_Init) for LL_Init
    main.o(i.main) refers to main.o(i.SystemClock_Config) for SystemClock_Config
    main.o(i.main) refers to main.o(i.MX_GPIO_Init) for MX_GPIO_Init
    main.o(i.main) refers to myloop.o(i.setup) for setup
    main.o(i.main) refers to myloop.o(i.loop) for loop
    myloop.o(i.USART2Init) refers to mybsplib.o(i.GPIOInit) for GPIOInit
    myloop.o(i.USART2Init) refers to mybsplib.o(i.GPIOAF) for GPIOAF
    myloop.o(i.USART2Init) refers to ffltui.o(.text) for __aeabi_ui2f
    myloop.o(i.USART2Init) refers to fdiv.o(.text) for __aeabi_fdiv
    myloop.o(i.USART2Init) refers to fadd.o(.text) for __aeabi_fadd
    myloop.o(i.USART2Init) refers to ffixui.o(.text) for __aeabi_f2uiz
    myloop.o(i.USART2Init) refers to myloop.o(i.__NVIC_SetPriority) for __NVIC_SetPriority
    myloop.o(i.USART2_IRQHandler) refers to myloop.o(.data) for Usart2BufMun
    myloop.o(i.USART2_IRQHandler) refers to myloop.o(.bss) for Usart2Buf
    myloop.o(i.initData) refers to dflti.o(.text) for __aeabi_i2d
    myloop.o(i.initData) refers to dfltui.o(.text) for __aeabi_ui2d
    myloop.o(i.initData) refers to ffltui.o(.text) for __aeabi_ui2f
    myloop.o(i.initData) refers to fdiv.o(.text) for __aeabi_fdiv
    myloop.o(i.initData) refers to fmul.o(.text) for __aeabi_fmul
    myloop.o(i.initData) refers to f2d.o(.text) for __aeabi_f2d
    myloop.o(i.initData) refers to sin.o(i.sin) for sin
    myloop.o(i.initData) refers to dmul.o(.text) for __aeabi_dmul
    myloop.o(i.initData) refers to ddiv.o(.text) for __aeabi_ddiv
    myloop.o(i.initData) refers to dadd.o(.text) for __aeabi_dadd
    myloop.o(i.initData) refers to dfixui.o(.text) for __aeabi_d2uiz
    myloop.o(i.initData) refers to cos.o(i.cos) for cos
    myloop.o(i.initData) refers to fadd.o(.text) for __aeabi_fadd
    myloop.o(i.initData) refers to myloop.o(.data) for LineHei
    myloop.o(i.initData) refers to myloop.o(.bss) for DotBuff_sin
    myloop.o(i.setup) refers to mybsplib.o(i.BspInit) for BspInit
    myloop.o(i.setup) refers to oled.o(i.SSD1327Init) for SSD1327Init
    myloop.o(i.setup) refers to mybsplib.o(i.GPIOInit) for GPIOInit
    myloop.o(i.setup) refers to myloop.o(i.initData) for initData
    myloop.o(i.setup) refers to printfb.o(i.__0printf$bare) for __2printf
    myloop.o(i.setup) refers to rtx_kernel.o(i.osKernelInitialize) for osKernelInitialize
    myloop.o(i.setup) refers to rtx_thread.o(i.osThreadNew) for osThreadNew
    myloop.o(i.setup) refers to rtx_kernel.o(i.osKernelStart) for osKernelStart
    myloop.o(i.setup) refers to myloop.o(i.showSin) for showSin
    myloop.o(i.setup) refers to myloop.o(i.showCos) for showCos
    myloop.o(i.setup) refers to myloop.o(i.showSinPi) for showSinPi
    myloop.o(i.showCos) refers to idiv.o(.text) for __aeabi_idivmod
    myloop.o(i.showCos) refers to oled.o(i.OLEDPrintDualDot) for OLEDPrintDualDot
    myloop.o(i.showCos) refers to rtx_thread.o(i.osThreadYield) for osThreadYield
    myloop.o(i.showCos) refers to myloop.o(.data) for LineLen
    myloop.o(i.showCos) refers to myloop.o(.bss) for DotBuff_cos
    myloop.o(i.showSin) refers to idiv.o(.text) for __aeabi_idivmod
    myloop.o(i.showSin) refers to oled.o(i.OLEDPrintDualDot) for OLEDPrintDualDot
    myloop.o(i.showSin) refers to rtx_thread.o(i.osThreadYield) for osThreadYield
    myloop.o(i.showSin) refers to myloop.o(.data) for LineLen
    myloop.o(i.showSin) refers to myloop.o(.bss) for DotBuff_sin
    myloop.o(i.showSinPi) refers to idiv.o(.text) for __aeabi_idivmod
    myloop.o(i.showSinPi) refers to oled.o(i.OLEDPrintDualDot) for OLEDPrintDualDot
    myloop.o(i.showSinPi) refers to rtx_thread.o(i.osThreadYield) for osThreadYield
    myloop.o(i.showSinPi) refers to myloop.o(.data) for LineLen
    myloop.o(i.showSinPi) refers to myloop.o(.bss) for DotBuff_sinPi
    mybsplib.o(i.BspInit) refers to system_stm32f0xx.o(i.SystemCoreClockUpdate) for SystemCoreClockUpdate
    mybsplib.o(i.BspInit) refers to mybsplib.o(i.RCCReset) for RCCReset
    mybsplib.o(i.BspInit) refers to mybsplib.o(i.DelayInit) for DelayInit
    mybsplib.o(i.BspInit) refers to mybsplib.o(i.IWDGInit) for IWDGInit
    mybsplib.o(i.DelayInit) refers to uidiv.o(.text) for __aeabi_uidivmod
    mybsplib.o(i.DelayInit) refers to system_stm32f0xx.o(.data) for SystemCoreClock
[...]
    C:\\Keil_v5\\ARM\\PACK\\ARM\\CMSIS\\5.3.0\\CMSIS\\RTOS2\\RTX\\Source\\rtx_msgqueue.c 0x00000000   Number         0  rtx_msgqueue.o ABSOLUTE
    C:\\Keil_v5\\ARM\\PACK\\ARM\\CMSIS\\5.3.0\\CMSIS\\RTOS2\\RTX\\Source\\rtx_mutex.c 0x00000000   Number         0  rtx_mutex.o ABSOLUTE
    C:\\Keil_v5\\ARM\\PACK\\ARM\\CMSIS\\5.3.0\\CMSIS\\RTOS2\\RTX\\Source\\rtx_semaphore.c 0x00000000   Number         0  rtx_semaphore.o ABSOLUTE
    C:\\Keil_v5\\ARM\\PACK\\ARM\\CMSIS\\5.3.0\\CMSIS\\RTOS2\\RTX\\Source\\rtx_system.c 0x00000000   Number         0  rtx_system.o ABSOLUTE
    C:\\Keil_v5\\ARM\\PACK\\ARM\\CMSIS\\5.3.0\\CMSIS\\RTOS2\\RTX\\Source\\rtx_thread.c 0x00000000   Number         0  rtx_thread.o ABSOLUTE
    C:\\Keil_v5\\ARM\\PACK\\ARM\\CMSIS\\5.3.0\\CMSIS\\RTOS2\\RTX\\Source\\rtx_timer.c 0x00000000   Number         0  rtx_timer.o ABSOLUTE
    C:\\Keil_v5\\ARM\\PACK\\ARM\\CMSIS\\5.3.0\\CMSIS\\RTOS2\\Source\\os_systick.c 0x00000000   Number         0  os_systick.o ABSOLUTE
    C:\\Keil_v5\\ARM\\PACK\\Keil\\STM32F0xx_DFP\\2.0.0\\Drivers\\STM32F0xx_HAL_Driver\\Src\\stm32f0xx_ll_pwr.c 0x00000000   Number         0  stm32f0xx_ll_pwr.o ABSOLUTE
    C:\\Keil_v5\\ARM\\PACK\\Keil\\STM32F0xx_DFP\\2.0.0\\Drivers\\STM32F0xx_HAL_Driver\\Src\\stm32f0xx_ll_rcc.c 0x00000000   Number         0  stm32f0xx_ll_rcc.o ABSOLUTE
    C:\\Keil_v5\\ARM\\PACK\\Keil\\STM32F0xx_DFP\\2.0.0\\Drivers\\STM32F0xx_HAL_Driver\\Src\\stm32f0xx_ll_utils.c 0x00000000   Number         0  stm32f0xx_ll_utils.o ABSOLUTE
    RTE\CMSIS\RTX_Config.c                   0x00000000   Number         0  rtx_config.o ABSOLUTE
    RTE\Device\STM32F042G6Ux\startup_stm32f042x6.s 0x00000000   Number         0  startup_stm32f042x6.o ABSOLUTE
    RTE\Device\STM32F042G6Ux\system_stm32f0xx.c 0x00000000   Number         0  system_stm32f0xx.o ABSOLUTE
    RTE\\CMSIS\\RTX_Config.c                 0x00000000   Number         0  rtx_config.o ABSOLUTE
    RTE\\Device\\STM32F042G6Ux\\system_stm32f0xx.c 0x00000000   Number         0  system_stm32f0xx.o ABSOLUTE
    cdrcmple.s                               0x00000000   Number         0  cdrcmple.o ABSOLUTE
    dc.s                                     0x00000000   Number         0  dc.o ABSOLUTE
    handlers.s                               0x00000000   Number         0  handlers.o ABSOLUTE
    init.s                                   0x00000000   Number         0  init.o ABSOLUTE
    RESET                                    0x08000000   Section      192  startup_stm32f042x6.o(RESET)
    .ARM.Collect$$$$00000000                 0x080000c0   Section        0  entry.o(.ARM.Collect$$$$00000000)
    .ARM.Collect$$$$00000001                 0x080000c0   Section        4  entry2.o(.ARM.Collect$$$$00000001)
    .ARM.Collect$$$$00000004                 0x080000c4   Section        4  entry5.o(.ARM.Collect$$$$00000004)
    .ARM.Collect$$$$00000008                 0x080000c8   Section        0  entry7b.o(.ARM.Collect$$$$00000008)
    .ARM.Collect$$$$0000000A                 0x080000c8   Section        0  entry8b.o(.ARM.Collect$$$$0000000A)
    .ARM.Collect$$$$0000000B                 0x080000c8   Section        8  entry9a.o(.ARM.Collect$$$$0000000B)
    .ARM.Collect$$$$0000000D                 0x080000d0   Section        0  entry10a.o(.ARM.Collect$$$$0000000D)
    .ARM.Collect$$$$0000000F                 0x080000d0   Section        0  entry11a.o(.ARM.Collect$$$$0000000F)
    .ARM.Collect$$$$00002712                 0x080000d0   Section        4  entry2.o(.ARM.Collect$$$$00002712)
    __lit__00000000                          0x080000d0   Data           4  entry2.o(.ARM.Collect$$$$00002712)
    .text                                    0x080000d4   Section      164  irq_cm0.o(.text)
    .text                                    0x08000178   Section       88  startup_stm32f042x6.o(.text)
    .text                                    0x080001d0   Section        0  uidiv.o(.text)
    .text                                    0x080001fc   Section        0  idiv.o(.text)
    .text                                    0x08000224   Section        0  memcpya.o(.text)
    .text                                    0x08000248   Section        0  memseta.o(.text)
    .text                                    0x0800026c   Section        0  fadd.o(.text)
    .text                                    0x0800031e   Section        0  fmul.o(.text)
    .text                                    0x08000398   Section        0  fdiv.o(.text)
    .text                                    0x08000414   Section        0  dadd.o(.text)
    .text                                    0x08000578   Section        0  dmul.o(.text)
    .text                                    0x08000648   Section        0  ddiv.o(.text)
    .text                                    0x08000738   Section        0  ffltui.o(.text)
    .text                                    0x08000748   Section        0  dflti.o(.text)
    .text                                    0x08000770   Section        0  dfltui.o(.text)
    .text                                    0x0800078c   Section        0  ffixui.o(.text)
    .text                                    0x080007b4   Section        0  dfixui.o(.text)
    .text                                    0x080007f0   Section        0  f2d.o(.text)
    .text                                    0x08000818   Section        0  llshl.o(.text)
    .text                                    0x08000838   Section        0  llushr.o(.text)
    .text                                    0x0800085a   Section        0  llsshr.o(.text)
    .text                                    0x08000880   Section        0  fepilogue.o(.text)
    .text                                    0x08000880   Section        0  iusefp.o(.text)
    .text                                    0x08000902   Section        0  depilogue.o(.text)
    .text                                    0x080009c0   Section       36  init.o(.text)
    .text                                    0x080009e4   Section        0  dscalb.o(.text)
    .text                                    0x08000a10   Section        0  dfixi.o(.text)
    .text                                    0x08000a58   Section        0  __dczerorl.o(.text)
    i.BspInit                                0x08000a92   Section        0  mybsplib.o(i.BspInit)
    i.DelayInit                              0x08000aac   Section        0  mybsplib.o(i.DelayInit)
    DelayInit                                0x08000aad   Thumb Code    30  mybsplib.o(i.DelayInit)
    i.EvrRtxEventFlagsWaitTimeout            0x08000adc   Section        0  rtx_evr.o(i.EvrRtxEventFlagsWaitTimeout)
    i.EvrRtxKernelError                      0x08000ade   Section        0  rtx_evr.o(i.EvrRtxKernelError)
    i.EvrRtxKernelInitialize                 0x08000ae0   Section        0  rtx_evr.o(i.EvrRtxKernelInitialize)
    i.EvrRtxKernelInitializeCompleted        0x08000ae2   Section        0  rtx_evr.o(i.EvrRtxKernelInitializeCompleted)
    i.EvrRtxKernelStart                      0x08000ae4   Section        0  rtx_evr.o(i.EvrRtxKernelStart)
    i.EvrRtxKernelStarted                    0x08000ae6   Section        0  rtx_evr.o(i.EvrRtxKernelStarted)
    i.EvrRtxMemoryAlloc                      0x08000ae8   Section        0  rtx_evr.o(i.EvrRtxMemoryAlloc)
    i.EvrRtxMemoryBlockAlloc                 0x08000aea   Section        0  rtx_evr.o(i.EvrRtxMemoryBlockAlloc)
    i.EvrRtxMemoryBlockFree                  0x08000aec   Section        0  rtx_evr.o(i.EvrRtxMemoryBlockFree)
    i.EvrRtxMemoryBlockInit                  0x08000aee   Section        0  rtx_evr.o(i.EvrRtxMemoryBlockInit)
    i.EvrRtxMemoryFree                       0x08000af0   Section        0  rtx_evr.o(i.EvrRtxMemoryFree)
    i.EvrRtxMemoryInit                       0x08000af2   Section        0  rtx_evr.o(i.EvrRtxMemoryInit)
    i.EvrRtxMemoryPoolAllocTimeout           0x08000af4   Section        0  rtx_evr.o(i.EvrRtxMemoryPoolAllocTimeout)
    i.EvrRtxMessageQueueCreated              0x08000af6   Section        0  rtx_evr.o(i.EvrRtxMessageQueueCreated)
    i.EvrRtxMessageQueueError                0x08000af8   Section        0  rtx_evr.o(i.EvrRtxMessageQueueError)
    i.EvrRtxMessageQueueGet                  0x08000afa   Section        0  rtx_evr.o(i.EvrRtxMessageQueueGet)
    i.EvrRtxMessageQueueGetPending           0x08000afc   Section        0  rtx_evr.o(i.EvrRtxMessageQueueGetPending)
    i.EvrRtxMessageQueueGetTimeout           0x08000afe   Section        0  rtx_evr.o(i.EvrRtxMessageQueueGetTimeout)
    i.EvrRtxMessageQueueInsertPending        0x08000b00   Section        0  rtx_evr.o(i.EvrRtxMessageQueueInsertPending)
    i.EvrRtxMessageQueueInserted             0x08000b02   Section        0  rtx_evr.o(i.EvrRtxMessageQueueInserted)
    i.EvrRtxMessageQueueNew                  0x08000b04   Section        0  rtx_evr.o(i.EvrRtxMessageQueueNew)
    i.EvrRtxMessageQueueNotInserted          0x08000b06   Section        0  rtx_evr.o(i.EvrRtxMessageQueueNotInserted)
    i.EvrRtxMessageQueueNotRetrieved         0x08000b08   Section        0  rtx_evr.o(i.EvrRtxMessageQueueNotRetrieved)
    i.EvrRtxMessageQueuePut                  0x08000b0a   Section        0  rtx_evr.o(i.EvrRtxMessageQueuePut)
    i.EvrRtxMessageQueuePutPending           0x08000b0c   Section        0  rtx_evr.o(i.EvrRtxMessageQueuePutPending)
    i.EvrRtxMessageQueuePutTimeout           0x08000b0e   Section        0  rtx_evr.o(i.EvrRtxMessageQueuePutTimeout)
    i.EvrRtxMessageQueueRetrieved            0x08000b10   Section        0  rtx_evr.o(i.EvrRtxMessageQueueRetrieved)
    i.EvrRtxMutexAcquireTimeout              0x08000b12   Section        0  rtx_evr.o(i.EvrRtxMutexAcquireTimeout)
    i.EvrRtxMutexAcquired                    0x08000b14   Section        0  rtx_evr.o(i.EvrRtxMutexAcquired)
    i.EvrRtxMutexReleased                    0x08000b16   Section        0  rtx_evr.o(i.EvrRtxMutexReleased)
    i.EvrRtxSemaphoreAcquireTimeout          0x08000b18   Section        0  rtx_evr.o(i.EvrRtxSemaphoreAcquireTimeout)
    i.EvrRtxThreadBlocked                    0x08000b1a   Section        0  rtx_evr.o(i.EvrRtxThreadBlocked)
    i.EvrRtxThreadCreated                    0x08000b1c   Section        0  rtx_evr.o(i.EvrRtxThreadCreated)
    i.EvrRtxThreadDelayCompleted             0x08000b1e   Section        0  rtx_evr.o(i.EvrRtxThreadDelayCompleted)
    i.EvrRtxThreadDestroyed                  0x08000b20   Section        0  rtx_evr.o(i.EvrRtxThreadDestroyed)
    i.EvrRtxThreadError                      0x08000b22   Section        0  rtx_evr.o(i.EvrRtxThreadError)
    i.EvrRtxThreadExit                       0x08000b24   Section        0  rtx_evr.o(i.EvrRtxThreadExit)
    i.EvrRtxThreadFlagsWaitCompleted         0x08000b26   Section        0  rtx_evr.o(i.EvrRtxThreadFlagsWaitCompleted)
    i.EvrRtxThreadFlagsWaitTimeout           0x08000b28   Section        0  rtx_evr.o(i.EvrRtxThreadFlagsWaitTimeout)
    i.EvrRtxThreadJoined                     0x08000b2a   Section        0  rtx_evr.o(i.EvrRtxThreadJoined)
    i.EvrRtxThreadNew                        0x08000b2c   Section        0  rtx_evr.o(i.EvrRtxThreadNew)
    i.EvrRtxThreadPreempted                  0x08000b2e   Section        0  rtx_evr.o(i.EvrRtxThreadPreempted)
    i.EvrRtxThreadSwitched                   0x08000b30   Section        0  rtx_evr.o(i.EvrRtxThreadSwitched)
    i.EvrRtxThreadUnblocked                  0x08000b32   Section        0  rtx_evr.o(i.EvrRtxThreadUnblocked)
    i.EvrRtxThreadYield                      0x08000b34   Section        0  rtx_evr.o(i.EvrRtxThreadYield)
    i.EvrRtxTimerCallback                    0x08000b36   Section        0  rtx_evr.o(i.EvrRtxTimerCallback)
    i.GPIOInit                               0x08000b38   Section        0  mybsplib.o(i.GPIOInit)
    i.GPIOOutputHig                          0x08000b9a   Section        0  mybsplib.o(i.GPIOOutputHig)
    i.GPIOOutputLow                          0x08000ba6   Section        0  mybsplib.o(i.GPIOOutputLow)
    i.HardFault_Handler                      0x08000bb2   Section        0  stm32f0xx_it.o(i.HardFault_Handler)
    i.IWDGFeed                               0x08000bb8   Section        0  mybsplib.o(i.IWDGFeed)
    i.IWDGInit                               0x08000bc8   Section        0  mybsplib.o(i.IWDGInit)
    IWDGInit                                 0x08000bc9   Thumb Code    50  mybsplib.o(i.IWDGInit)
    i.IsIrqMasked                            0x08000c0c   Section        0  rtx_kernel.o(i.IsIrqMasked)
    IsIrqMasked                              0x08000c0d   Thumb Code    18  rtx_kernel.o(i.IsIrqMasked)
    i.IsIrqMasked                            0x08000c1e   Section        0  rtx_msgqueue.o(i.IsIrqMasked)
    IsIrqMasked                              0x08000c1f   Thumb Code    18  rtx_msgqueue.o(i.IsIrqMasked)
    i.IsIrqMasked                            0x08000c30   Section        0  rtx_thread.o(i.IsIrqMasked)
    IsIrqMasked                              0x08000c31   Thumb Code    18  rtx_thread.o(i.IsIrqMasked)
    i.IsIrqMode                              0x08000c42   Section        0  rtx_kernel.o(i.IsIrqMode)
    IsIrqMode                                0x08000c43   Thumb Code    18  rtx_kernel.o(i.IsIrqMode)
    i.IsIrqMode                              0x08000c54   Section        0  rtx_msgqueue.o(i.IsIrqMode)
    IsIrqMode                                0x08000c55   Thumb Code    18  rtx_msgqueue.o(i.IsIrqMode)
    i.IsIrqMode                              0x08000c66   Section        0  rtx_thread.o(i.IsIrqMode)
    IsIrqMode                                0x08000c67   Thumb Code    18  rtx_thread.o(i.IsIrqMode)
    i.LCD_WriteByteSPI                       0x08000c78   Section        0  oled.o(i.LCD_WriteByteSPI)
    LCD_WriteByteSPI                         0x08000c79   Thumb Code    76  oled.o(i.LCD_WriteByteSPI)
    i.LL_Init                                0x08000cc4   Section        0  main.o(i.LL_Init)
    LL_Init                                  0x08000cc5   Thumb Code    90  main.o(i.LL_Init)
    i.LL_Init1msTick                         0x08000d28   Section        0  stm32f0xx_ll_utils.o(i.LL_Init1msTick)
    i.LL_SetSystemCoreClock                  0x08000d50   Section        0  stm32f0xx_ll_utils.o(i.LL_SetSystemCoreClock)
    i.MX_GPIO_Init                           0x08000d5c   Section        0  main.o(i.MX_GPIO_Init)
    MX_GPIO_Init                             0x08000d5d   Thumb Code    30  main.o(i.MX_GPIO_Init)
    i.MemBlockPtr                            0x08000d80   Section        0  rtx_memory.o(i.MemBlockPtr)
    MemBlockPtr                              0x08000d81   Thumb Code    10  rtx_memory.o(i.MemBlockPtr)
    i.MessageQueueGet                        0x08000d8a   Section        0  rtx_msgqueue.o(i.MessageQueueGet)
    MessageQueueGet                          0x08000d8b   Thumb Code    72  rtx_msgqueue.o(i.MessageQueueGet)
    i.MessageQueuePut                        0x08000dd2   Section        0  rtx_msgqueue.o(i.MessageQueuePut)
    MessageQueuePut                          0x08000dd3   Thumb Code    90  rtx_msgqueue.o(i.MessageQueuePut)
    i.MessageQueueRemove                     0x08000e2c   Section        0  rtx_msgqueue.o(i.MessageQueueRemove)
    MessageQueueRemove                       0x08000e2d   Thumb Code    38  rtx_msgqueue.o(i.MessageQueueRemove)
    i.NMI_Handler                            0x08000e52   Section        0  stm32f0xx_it.o(i.NMI_Handler)
    i.OLEDAreaSet                            0x08000e54   Section        0  oled.o(i.OLEDAreaSet)
    OLEDAreaSet                              0x08000e55   Thumb Code    48  oled.o(i.OLEDAreaSet)
    i.OLEDClear                              0x08000e84   Section        0  oled.o(i.OLEDClear)
    i.OLEDPrintDualDot                       0x08000ec0   Section        0  oled.o(i.OLEDPrintDualDot)
    i.OS_Tick_AcknowledgeIRQ                 0x08000edc   Section        0  os_systick.o(i.OS_Tick_AcknowledgeIRQ)
    i.OS_Tick_Enable                         0x08000ee8   Section        0  os_systick.o(i.OS_Tick_Enable)
    i.OS_Tick_GetIRQn                        0x08000f18   Section        0  os_systick.o(i.OS_Tick_GetIRQn)
    i.OS_Tick_Setup                          0x08000f20   Section        0  os_systick.o(i.OS_Tick_Setup)
    i.RCCReset                               0x08000f80   Section        0  mybsplib.o(i.RCCReset)
    RCCReset                                 0x08000f81   Thumb Code    66  mybsplib.o(i.RCCReset)
    i.SSD1327Init                            0x08000fd4   Section        0  oled.o(i.SSD1327Init)
    i.Spi1Init                               0x080010b4   Section        0  oled.o(i.Spi1Init)
    Spi1Init                                 0x080010b5   Thumb Code   132  oled.o(i.Spi1Init)
    i.SystemClock_Config                     0x08001138   Section        0  main.o(i.SystemClock_Config)
    i.SystemCoreClockUpdate                  0x08001274   Section        0  system_stm32f0xx.o(i.SystemCoreClockUpdate)
    i.SystemInit                             0x08001344   Section        0  system_stm32f0xx.o(i.SystemInit)
    i.ThreadFlagsCheck                       0x080013b8   Section        0  rtx_thread.o(i.ThreadFlagsCheck)
    ThreadFlagsCheck                         0x080013b9   Thumb Code   118  rtx_thread.o(i.ThreadFlagsCheck)
    i.TimerInsert                            0x08001430   Section        0  rtx_timer.o(i.TimerInsert)
    TimerInsert                              0x08001431   Thumb Code    64  rtx_timer.o(i.TimerInsert)
    i.TimerUnlink                            0x08001474   Section        0  rtx_timer.o(i.TimerUnlink)
    TimerUnlink                              0x08001475   Thumb Code    20  rtx_timer.o(i.TimerUnlink)
    i.USART2_IRQHandler                      0x0800148c   Section        0  myloop.o(i.USART2_IRQHandler)
    i.WriteCmd                               0x08001554   Section        0  oled.o(i.WriteCmd)
    WriteCmd                                 0x08001555   Thumb Code    52  oled.o(i.WriteCmd)
    i.WriteDat                               0x08001588   Section        0  oled.o(i.WriteDat)
    WriteDat                                 0x08001589   Thumb Code    52  oled.o(i.WriteDat)
    i._Error_Handler                         0x080015bc   Section        0  main.o(i._Error_Handler)
    i.__0printf$bare                         0x080015c0   Section        0  printfb.o(i.__0printf$bare)
    i.__ARM_clz                              0x080015d4   Section        0  depilogue.o(i.__ARM_clz)
    i.__ARM_common_ll_muluu                  0x08001602   Section        0  rred.o(i.__ARM_common_ll_muluu)
    i.__ARM_common_switch8                   0x08001634   Section        0  rtx_config.o(i.__ARM_common_switch8)
    i.__ARM_fpclassify                       0x08001650   Section        0  fpclassify.o(i.__ARM_fpclassify)
    i.__NVIC_SetPriority                     0x0800167c   Section        0  main.o(i.__NVIC_SetPriority)
    __NVIC_SetPriority                       0x0800167d   Thumb Code   110  main.o(i.__NVIC_SetPriority)
    i.__get_PRIMASK                          0x080016f4   Section        0  rtx_thread.o(i.__get_PRIMASK)
    __get_PRIMASK                            0x080016f5   Thumb Code     6  rtx_thread.o(i.__get_PRIMASK)
    i.__ieee754_rem_pio2                     0x080016fc   Section        0  rred.o(i.__ieee754_rem_pio2)
    i.__kernel_cos                           0x08001a98   Section        0  cos_i.o(i.__kernel_cos)
    i.__kernel_poly                          0x08001b8c   Section        0  poly.o(i.__kernel_poly)
    i.__kernel_sin                           0x08001c38   Section        0  sin_i.o(i.__kernel_sin)
    i.__mathlib_dbl_infnan                   0x08001d24   Section        0  dunder.o(i.__mathlib_dbl_infnan)
    i.__mathlib_dbl_invalid                  0x08001d2e   Section        0  dunder.o(i.__mathlib_dbl_invalid)
    i.__mathlib_dbl_underflow                0x08001d40   Section        0  dunder.o(i.__mathlib_dbl_underflow)
    i.__scatterload_copy                     0x08001d54   Section       14  handlers.o(i.__scatterload_copy)
    i.__scatterload_null                     0x08001d62   Section        2  handlers.o(i.__scatterload_null)
    i.__scatterload_zeroinit                 0x08001d64   Section       14  handlers.o(i.__scatterload_zeroinit)
    i.__set_errno                            0x08001d74   Section        0  errno.o(i.__set_errno)
    i._printf_core                           0x08001d80   Section        0  printfb.o(i._printf_core)
    _printf_core                             0x08001d81   Thumb Code    30  printfb.o(i._printf_core)
    i.cos                                    0x08001da0   Section        0  cos.o(i.cos)
    i.fputc                                  0x08001e38   Section        0  myloop.o(i.fputc)
    i.initData                               0x08001e54   Section        0  myloop.o(i.initData)
    i.isrRtxMessageQueueGet                  0x08002024   Section        0  rtx_msgqueue.o(i.isrRtxMessageQueueGet)
    isrRtxMessageQueueGet                    0x08002025   Thumb Code   154  rtx_msgqueue.o(i.isrRtxMessageQueueGet)
    i.isrRtxMessageQueuePut                  0x080020be   Section        0  rtx_msgqueue.o(i.isrRtxMessageQueuePut)
    isrRtxMessageQueuePut                    0x080020bf   Thumb Code   162  rtx_msgqueue.o(i.isrRtxMessageQueuePut)
    i.isr_queue_get                          0x08002160   Section        0  rtx_system.o(i.isr_queue_get)
    isr_queue_get                            0x08002161   Thumb Code    94  rtx_system.o(i.isr_queue_get)
    i.isr_queue_put                          0x080021c4   Section        0  rtx_system.o(i.isr_queue_put)
    isr_queue_put                            0x080021c5   Thumb Code    94  rtx_system.o(i.isr_queue_put)
    i.loop                                   0x08002228   Section        0  myloop.o(i.loop)
    i.main                                   0x0800222a   Section        0  main.o(i.main)
    i.osKernelInitialize                     0x08002248   Section        0  rtx_kernel.o(i.osKernelInitialize)
    i.osKernelStart                          0x08002280   Section        0  rtx_kernel.o(i.osKernelStart)
    i.osMessageQueueGet                      0x080022b8   Section        0  rtx_msgqueue.o(i.osMessageQueueGet)
    i.osMessageQueueNew                      0x08002310   Section        0  rtx_msgqueue.o(i.osMessageQueueNew)
    i.osMessageQueuePut                      0x0800235c   Section        0  rtx_msgqueue.o(i.osMessageQueuePut)
    i.osRtxErrorNotify                       0x080023b4   Section        0  rtx_config.o(i.osRtxErrorNotify)
    i.osRtxIdleThread                        0x080023d4   Section        0  rtx_config.o(i.osRtxIdleThread)
    i.osRtxKernelGetState                    0x080023d8   Section        0  rtx_thread.o(i.osRtxKernelGetState)
    osRtxKernelGetState                      0x080023d9   Thumb Code     6  rtx_thread.o(i.osRtxKernelGetState)
    i.osRtxMemoryAlloc                       0x080023e4   Section        0  rtx_memory.o(i.osRtxMemoryAlloc)
    i.osRtxMemoryFree                        0x080024dc   Section        0  rtx_memory.o(i.osRtxMemoryFree)
    i.osRtxMemoryInit                        0x08002560   Section        0  rtx_memory.o(i.osRtxMemoryInit)
    i.osRtxMemoryPoolAlloc                   0x080025ce   Section        0  rtx_mempool.o(i.osRtxMemoryPoolAlloc)
    i.osRtxMemoryPoolFree                    0x0800261a   Section        0  rtx_mempool.o(i.osRtxMemoryPoolFree)
    i.osRtxMemoryPoolInit                    0x0800267a   Section        0  rtx_mempool.o(i.osRtxMemoryPoolInit)
    i.osRtxMessageQueuePostProcess           0x080026da   Section        0  rtx_msgqueue.o(i.osRtxMessageQueuePostProcess)
    osRtxMessageQueuePostProcess             0x080026db   Thumb Code   304  rtx_msgqueue.o(i.osRtxMessageQueuePostProcess)
    i.osRtxMutexOwnerRelease                 0x0800280a   Section        0  rtx_mutex.o(i.osRtxMutexOwnerRelease)
    i.osRtxPendSV_Handler                    0x08002868   Section        0  rtx_system.o(i.osRtxPendSV_Handler)
    i.osRtxPostProcess                       0x080028ec   Section        0  rtx_system.o(i.osRtxPostProcess)
    i.osRtxThreadBlock                       0x0800292c   Section        0  rtx_thread.o(i.osRtxThreadBlock)
    osRtxThreadBlock                         0x0800292d   Thumb Code    58  rtx_thread.o(i.osRtxThreadBlock)
    i.osRtxThreadDelayInsert                 0x0800296c   Section        0  rtx_thread.o(i.osRtxThreadDelayInsert)
    osRtxThreadDelayInsert                   0x0800296d   Thumb Code   108  rtx_thread.o(i.osRtxThreadDelayInsert)
    i.osRtxThreadDelayRemove                 0x080029dc   Section        0  rtx_thread.o(i.osRtxThreadDelayRemove)
    osRtxThreadDelayRemove                   0x080029dd   Thumb Code   124  rtx_thread.o(i.osRtxThreadDelayRemove)
    i.osRtxThreadDelayTick                   0x08002a5c   Section        0  rtx_thread.o(i.osRtxThreadDelayTick)
    i.osRtxThreadDispatch                    0x08002b40   Section        0  rtx_thread.o(i.osRtxThreadDispatch)
    i.osRtxThreadFree                        0x08002bb0   Section        0  rtx_thread.o(i.osRtxThreadFree)
    osRtxThreadFree                          0x08002bb1   Thumb Code   100  rtx_thread.o(i.osRtxThreadFree)
    i.osRtxThreadGetRunning                  0x08002c18   Section        0  rtx_thread.o(i.osRtxThreadGetRunning)
    osRtxThreadGetRunning                    0x08002c19   Thumb Code     6  rtx_thread.o(i.osRtxThreadGetRunning)
    i.osRtxThreadListGet                     0x08002c24   Section        0  rtx_thread.o(i.osRtxThreadListGet)
    i.osRtxThreadListPut                     0x08002c44   Section        0  rtx_thread.o(i.osRtxThreadListPut)
    i.osRtxThreadListRemove                  0x08002c7c   Section        0  rtx_thread.o(i.osRtxThreadListRemove)
    i.osRtxThreadListRoot                    0x08002c9a   Section        0  rtx_thread.o(i.osRtxThreadListRoot)
    osRtxThreadListRoot                      0x08002c9b   Thumb Code    20  rtx_thread.o(i.osRtxThreadListRoot)
    i.osRtxThreadPostProcess                 0x08002cae   Section        0  rtx_thread.o(i.osRtxThreadPostProcess)
    osRtxThreadPostProcess                   0x08002caf   Thumb Code    68  rtx_thread.o(i.osRtxThreadPostProcess)
    i.osRtxThreadReadyPut                    0x08002cf4   Section        0  rtx_thread.o(i.osRtxThreadReadyPut)
    i.osRtxThreadRegPtr                      0x08002d0c   Section        0  rtx_thread.o(i.osRtxThreadRegPtr)
    i.osRtxThreadSetRunning                  0x08002d1c   Section        0  rtx_thread.o(i.osRtxThreadSetRunning)
    osRtxThreadSetRunning                    0x08002d1d   Thumb Code     6  rtx_thread.o(i.osRtxThreadSetRunning)
    i.osRtxThreadStackCheck                  0x08002d28   Section        0  rtx_lib.o(i.osRtxThreadStackCheck)
    i.osRtxThreadStartup                     0x08002d2c   Section        0  rtx_thread.o(i.osRtxThreadStartup)
    i.osRtxThreadSwitch                      0x08002d94   Section        0  rtx_thread.o(i.osRtxThreadSwitch)
    i.osRtxThreadWaitEnter                   0x08002db0   Section        0  rtx_thread.o(i.osRtxThreadWaitEnter)
    i.osRtxThreadWaitExit                    0x08002e04   Section        0  rtx_thread.o(i.osRtxThreadWaitExit)
    i.osRtxTick_Handler                      0x08002e38   Section        0  rtx_system.o(i.osRtxTick_Handler)
    i.osRtxTimerThread                       0x08002ee0   Section        0  rtx_timer.o(i.osRtxTimerThread)
    i.osRtxTimerTick                         0x08002f3c   Section        0  rtx_timer.o(i.osRtxTimerTick)
    osRtxTimerTick                           0x08002f3d   Thumb Code    94  rtx_timer.o(i.osRtxTimerTick)
    i.osThreadExit                           0x08002fa0   Section        0  rtx_thread.o(i.osThreadExit)
    i.osThreadNew                            0x08002fc0   Section        0  rtx_thread.o(i.osThreadNew)
    i.osThreadYield                          0x0800300c   Section        0  rtx_thread.o(i.osThreadYield)
    i.setup                                  0x08003044   Section        0  myloop.o(i.setup)
    i.showCos                                0x080030ac   Section        0  myloop.o(i.showCos)
    i.showSin                                0x0800310c   Section        0  myloop.o(i.showSin)
    i.showSinPi                              0x0800316c   Section        0  myloop.o(i.showSinPi)
    i.sin                                    0x080031cc   Section        0  sin.o(i.sin)
    i.svcRtxKernelInitialize                 0x08003268   Section        0  rtx_kernel.o(i.svcRtxKernelInitialize)
    svcRtxKernelInitialize                   0x08003269   Thumb Code   652  rtx_kernel.o(i.svcRtxKernelInitialize)
    i.svcRtxKernelStart                      0x080034fc   Section        0  rtx_kernel.o(i.svcRtxKernelStart)
    svcRtxKernelStart                        0x080034fd   Thumb Code   196  rtx_kernel.o(i.svcRtxKernelStart)
    i.svcRtxMessageQueueGet                  0x080035d0   Section        0  rtx_msgqueue.o(i.svcRtxMessageQueueGet)
    svcRtxMessageQueueGet                    0x080035d1   Thumb Code   344  rtx_msgqueue.o(i.svcRtxMessageQueueGet)
    i.svcRtxMessageQueueNew                  0x0800372c   Section        0  rtx_msgqueue.o(i.svcRtxMessageQueueNew)
    svcRtxMessageQueueNew                    0x0800372d   Thumb Code   440  rtx_msgqueue.o(i.svcRtxMessageQueueNew)
    i.svcRtxMessageQueuePut                  0x080038ec   Section        0  rtx_msgqueue.o(i.svcRtxMessageQueuePut)
    svcRtxMessageQueuePut                    0x080038ed   Thumb Code   322  rtx_msgqueue.o(i.svcRtxMessageQueuePut)
    i.svcRtxThreadExit                       0x08003a34   Section        0  rtx_thread.o(i.svcRtxThreadExit)
    svcRtxThreadExit                         0x08003a35   Thumb Code   154  rtx_thread.o(i.svcRtxThreadExit)
    i.svcRtxThreadNew                        0x08003ad4   Section        0  rtx_thread.o(i.svcRtxThreadNew)
    svcRtxThreadNew                          0x08003ad5   Thumb Code   654  rtx_thread.o(i.svcRtxThreadNew)
    i.svcRtxThreadYield                      0x08003d7c   Section        0  rtx_thread.o(i.svcRtxThreadYield)
    svcRtxThreadYield                        0x08003d7d   Thumb Code    68  rtx_thread.o(i.svcRtxThreadYield)
    .constdata                               0x08003dc4   Section      100  rtx_lib.o(.constdata)
    os_idle_thread_attr                      0x08003dc4   Data          36  rtx_lib.o(.constdata)
    os_timer_thread_attr                     0x08003de8   Data          36  rtx_lib.o(.constdata)
    os_timer_mq_attr                         0x08003e0c   Data          24  rtx_lib.o(.constdata)
    .constdata                               0x08003e28   Section       24  system_stm32f0xx.o(.constdata)
    .constdata                               0x08003e40   Section       48  cos_i.o(.constdata)
    C                                        0x08003e40   Data          48  cos_i.o(.constdata)
    .constdata                               0x08003e70   Section      200  rred.o(.constdata)
    pio2s                                    0x08003e70   Data          48  rred.o(.constdata)
    twooverpi                                0x08003ea0   Data         152  rred.o(.constdata)
    .constdata                               0x08003f38   Section       40  sin_i.o(.constdata)
    S                                        0x08003f38   Data          40  sin_i.o(.constdata)
    .conststrlit                             0x08003f60   Section       11  rtx_kernel.o(.conststrlit)
    .rodata                                  0x08003f6c   Section      104  rtx_lib.o(.rodata)
    __tagsym$$used                           0x08003f6c   Number         0  rtx_lib.o(.rodata)
    .bss.os                                  0x20000000   Section     1088  rtx_lib.o(.bss.os)
    os_mem                                   0x20000000   Data        1024  rtx_lib.o(.bss.os)
    os_isr_queue                             0x20000400   Data          64  rtx_lib.o(.bss.os)
    .bss.os.msgqueue.cb                      0x20000440   Section       52  rtx_lib.o(.bss.os.msgqueue.cb)
    os_timer_mq_cb                           0x20000440   Data          52  rtx_lib.o(.bss.os.msgqueue.cb)
    .bss.os.msgqueue.mem                     0x20000474   Section       80  rtx_lib.o(.bss.os.msgqueue.mem)
    os_timer_mq_data                         0x20000474   Data          80  rtx_lib.o(.bss.os.msgqueue.mem)
    .bss.os.thread.cb                        0x200004c4   Section      136  rtx_lib.o(.bss.os.thread.cb)
    os_idle_thread_cb                        0x200004c4   Data          68  rtx_lib.o(.bss.os.thread.cb)
    os_timer_thread_cb                       0x20000508   Data          68  rtx_lib.o(.bss.os.thread.cb)
    .bss.os.thread.stack                     0x20000550   Section      512  rtx_lib.o(.bss.os.thread.stack)
    os_idle_thread_stack                     0x20000550   Data         256  rtx_lib.o(.bss.os.thread.stack)
    os_timer_thread_stack                    0x20000650   Data         256  rtx_lib.o(.bss.os.thread.stack)
    .data                                    0x20000750   Section        5  myloop.o(.data)
    _bufCnt                                  0x20000754   Data           1  myloop.o(.data)
    .data                                    0x20000755   Section        1  mybsplib.o(.data)
    fac_us                                   0x20000755   Data           1  mybsplib.o(.data)
    .data                                    0x20000756   Section        1  os_systick.o(.data)
    PendST                                   0x20000756   Data           1  os_systick.o(.data)
    .data                                    0x20000758   Section        4  system_stm32f0xx.o(.data)
    .data                                    0x2000075c   Section        4  stdout.o(.data)
    .data                                    0x20000760   Section        4  errno.o(.data)
    _errno                                   0x20000760   Data           4  errno.o(.data)
    .data.os                                 0x20000764   Section      164  rtx_kernel.o(.data.os)
    .bss                                     0x20000808   Section     2699  myloop.o(.bss)
    STACK                                    0x20001298   Section     1024  startup_stm32f042x6.o(STACK)

    Global Symbols

    Symbol Name                              Value     Ov Type        Size  Object(Section)

    BuildAttributes$$THM_ISAv3M$S$PE$A:L22$X:L11$S22$IEEE1$IW$USESV6$~STKCKD$USESV7$~SHL$OTIME$ROPI$IEEEX$EBA8$MICROLIB$REQ8$PRES8$EABIv2 0x00000000   Number         0  anon$$obj.o ABSOLUTE
    __ARM_use_no_argv                        0x00000000   Number         0  main.o ABSOLUTE
    .bss.os.evflags.cb$$Base                  - Undefined Weak Reference
    .bss.os.evflags.cb$$Limit                 - Undefined Weak Reference
    .bss.os.mempool.cb$$Base                  - Undefined Weak Reference
    .bss.os.mempool.cb$$Limit                 - Undefined Weak Reference
    .bss.os.mutex.cb$$Base                    - Undefined Weak Reference
    .bss.os.mutex.cb$$Limit                   - Undefined Weak Reference
    .bss.os.semaphore.cb$$Base                - Undefined Weak Reference
    .bss.os.semaphore.cb$$Limit               - Undefined Weak Reference
    .bss.os.timer.cb$$Base                    - Undefined Weak Reference
    .bss.os.timer.cb$$Limit                   - Undefined Weak Reference
    __cpp_initialize__aeabi_                  - Undefined Weak Reference
    __cxa_finalize                            - Undefined Weak Reference
    _clock_init                               - Undefined Weak Reference
    _microlib_exit                            - Undefined Weak Reference
    __Vectors_Size                           0x000000c0   Number         0  startup_stm32f042x6.o ABSOLUTE
    __Vectors                                0x08000000   Data           4  startup_stm32f042x6.o(RESET)
    __Vectors_End                            0x080000c0   Data           0  startup_stm32f042x6.o(RESET)
    __main                                   0x080000c1   Thumb Code     0  entry.o(.ARM.Collect$$$$00000000)
    _main_stk                                0x080000c1   Thumb Code     0  entry2.o(.ARM.Collect$$$$00000001)
    _main_scatterload                        0x080000c5   Thumb Code     0  entry5.o(.ARM.Collect$$$$00000004)
    __main_after_scatterload                 0x080000c9   Thumb Code     0  entry5.o(.ARM.Collect$$$$00000004)
    _main_clock                              0x080000c9   Thumb Code     0  entry7b.o(.ARM.Collect$$$$00000008)
    _main_cpp_init                           0x080000c9   Thumb Code     0  entry8b.o(.ARM.Collect$$$$0000000A)
    _main_init                               0x080000c9   Thumb Code     0  entry9a.o(.ARM.Collect$$$$0000000B)
    __rt_final_cpp                           0x080000d1   Thumb Code     0  entry10a.o(.ARM.Collect$$$$0000000D)
    __rt_final_exit                          0x080000d1   Thumb Code     0  entry11a.o(.ARM.Collect$$$$0000000F)
    SVC_Handler                              0x080000d5   Thumb Code   132  irq_cm0.o(.text)
    PendSV_Handler                           0x08000159   Thumb Code    12  irq_cm0.o(.text)
    SysTick_Handler                          0x08000165   Thumb Code    12  irq_cm0.o(.text)
    Reset_Handler                            0x08000179   Thumb Code    38  startup_stm32f042x6.o(.text)
    ADC1_IRQHandler                          0x080001a9   Thumb Code     0  startup_stm32f042x6.o(.text)
    CEC_CAN_IRQHandler                       0x080001a9   Thumb Code     0  startup_stm32f042x6.o(.text)
    DMA1_Channel1_IRQHandler                 0x080001a9   Thumb Code     0  startup_stm32f042x6.o(.text)
    DMA1_Channel2_3_IRQHandler               0x080001a9   Thumb Code     0  startup_stm32f042x6.o(.text)
    DMA1_Channel4_5_IRQHandler               0x080001a9   Thumb Code     0  startup_stm32f042x6.o(.text)
    EXTI0_1_IRQHandler                       0x080001a9   Thumb Code     0  startup_stm32f042x6.o(.text)
    EXTI2_3_IRQHandler                       0x080001a9   Thumb Code     0  startup_stm32f042x6.o(.text)
    EXTI4_15_IRQHandler                      0x080001a9   Thumb Code     0  startup_stm32f042x6.o(.text)
    FLASH_IRQHandler                         0x080001a9   Thumb Code     0  startup_stm32f042x6.o(.text)
    I2C1_IRQHandler                          0x080001a9   Thumb Code     0  startup_stm32f042x6.o(.text)
    PVD_VDDIO2_IRQHandler                    0x080001a9   Thumb Code     0  startup_stm32f042x6.o(.text)
    RCC_CRS_IRQHandler                       0x080001a9   Thumb Code     0  startup_stm32f042x6.o(.text)
    RTC_IRQHandler                           0x080001a9   Thumb Code     0  startup_stm32f042x6.o(.text)
    SPI1_IRQHandler                          0x080001a9   Thumb Code     0  startup_stm32f042x6.o(.text)
    SPI2_IRQHandler                          0x080001a9   Thumb Code     0  startup_stm32f042x6.o(.text)
    TIM14_IRQHandler                         0x080001a9   Thumb Code     0  startup_stm32f042x6.o(.text)
    TIM16_IRQHandler                         0x080001a9   Thumb Code     0  startup_stm32f042x6.o(.text)
    TIM17_IRQHandler                         0x080001a9   Thumb Code     0  startup_stm32f042x6.o(.text)
    TIM1_BRK_UP_TRG_COM_IRQHandler           0x080001a9   Thumb Code     0  startup_stm32f042x6.o(.text)
    TIM1_CC_IRQHandler                       0x080001a9   Thumb Code     0  startup_stm32f042x6.o(.text)
    TIM2_IRQHandler                          0x080001a9   Thumb Code     0  startup_stm32f042x6.o(.text)
    TIM3_IRQHandler                          0x080001a9   Thumb Code     0  startup_stm32f042x6.o(.text)
    TSC_IRQHandler                           0x080001a9   Thumb Code     0  startup_stm32f042x6.o(.text)
    USART1_IRQHandler                        0x080001a9   Thumb Code     0  startup_stm32f042x6.o(.text)
    USB_IRQHandler                           0x080001a9   Thumb Code     0  startup_stm32f042x6.o(.text)
    WWDG_IRQHandler                          0x080001a9   Thumb Code     0  startup_stm32f042x6.o(.text)
    __aeabi_uidiv                            0x080001d1   Thumb Code     0  uidiv.o(.text)
    __aeabi_uidivmod                         0x080001d1   Thumb Code    44  uidiv.o(.text)
    __aeabi_idiv                             0x080001fd   Thumb Code     0  idiv.o(.text)
    __aeabi_idivmod                          0x080001fd   Thumb Code    40  idiv.o(.text)
    __aeabi_memcpy                           0x08000225   Thumb Code    36  memcpya.o(.text)
    __aeabi_memcpy4                          0x08000225   Thumb Code     0  memcpya.o(.text)
    __aeabi_memcpy8                          0x08000225   Thumb Code     0  memcpya.o(.text)
    __aeabi_memset                           0x08000249   Thumb Code    14  memseta.o(.text)
    __aeabi_memset4                          0x08000249   Thumb Code     0  memseta.o(.text)
    __aeabi_memset8                          0x08000249   Thumb Code     0  memseta.o(.text)
    __aeabi_memclr                           0x08000257   Thumb Code     4  memseta.o(.text)
    __aeabi_memclr4                          0x08000257   Thumb Code     0  memseta.o(.text)
    __aeabi_memclr8                          0x08000257   Thumb Code     0  memseta.o(.text)
    _memset$wrapper                          0x0800025b   Thumb Code    18  memseta.o(.text)
    __aeabi_fadd                             0x0800026d   Thumb Code   162  fadd.o(.text)
    __aeabi_fsub                             0x0800030f   Thumb Code     8  fadd.o(.text)
    __aeabi_frsub                            0x08000317   Thumb Code     8  fadd.o(.text)
    __aeabi_fmul                             0x0800031f   Thumb Code   122  fmul.o(.text)
    __aeabi_fdiv                             0x08000399   Thumb Code   124  fdiv.o(.text)
    __aeabi_dadd                             0x08000415   Thumb Code   328  dadd.o(.text)
    __aeabi_dsub                             0x0800055d   Thumb Code    12  dadd.o(.text)
    __aeabi_drsub                            0x08000569   Thumb Code    12  dadd.o(.text)
    __aeabi_dmul                             0x08000579   Thumb Code   202  dmul.o(.text)
    __aeabi_ddiv                             0x08000649   Thumb Code   234  ddiv.o(.text)
    __aeabi_ui2f                             0x08000739   Thumb Code    14  ffltui.o(.text)
    __aeabi_i2d                              0x08000749   Thumb Code    34  dflti.o(.text)
    __aeabi_ui2d                             0x08000771   Thumb Code    24  dfltui.o(.text)
    __aeabi_f2uiz                            0x0800078d   Thumb Code    40  ffixui.o(.text)
    __aeabi_d2uiz                            0x080007b5   Thumb Code    50  dfixui.o(.text)
    __aeabi_f2d                              0x080007f1   Thumb Code    40  f2d.o(.text)
    __aeabi_llsl                             0x08000819   Thumb Code    32  llshl.o(.text)
    _ll_shift_l                              0x08000819   Thumb Code     0  llshl.o(.text)
    __aeabi_llsr                             0x08000839   Thumb Code    34  llushr.o(.text)
    _ll_ushift_r                             0x08000839   Thumb Code     0  llushr.o(.text)
    __aeabi_lasr                             0x0800085b   Thumb Code    38  llsshr.o(.text)
    _ll_sshift_r                             0x0800085b   Thumb Code     0  llsshr.o(.text)
    __I$use$fp                               0x08000881   Thumb Code     0  iusefp.o(.text)
    _float_round                             0x08000881   Thumb Code    16  fepilogue.o(.text)
    _float_epilogue                          0x08000891   Thumb Code   114  fepilogue.o(.text)
    _double_round                            0x08000903   Thumb Code    26  depilogue.o(.text)
    _double_epilogue                         0x0800091d   Thumb Code   164  depilogue.o(.text)
    __scatterload                            0x080009c1   Thumb Code    28  init.o(.text)
    __scatterload_rt2                        0x080009c1   Thumb Code     0  init.o(.text)
    __ARM_scalbn                             0x080009e5   Thumb Code    44  dscalb.o(.text)
    scalbn                                   0x080009e5   Thumb Code     0  dscalb.o(.text)
    __aeabi_d2iz                             0x08000a11   Thumb Code    62  dfixi.o(.text)
    __decompress                             0x08000a59   Thumb Code     0  __dczerorl.o(.text)
    __decompress0                            0x08000a59   Thumb Code    58  __dczerorl.o(.text)
    BspInit                                  0x08000a93   Thumb Code    24  mybsplib.o(i.BspInit)
    EvrRtxEventFlagsWaitTimeout              0x08000add   Thumb Code     2  rtx_evr.o(i.EvrRtxEventFlagsWaitTimeout)
    EvrRtxKernelError                        0x08000adf   Thumb Code     2  rtx_evr.o(i.EvrRtxKernelError)
    EvrRtxKernelInitialize                   0x08000ae1   Thumb Code     2  rtx_evr.o(i.EvrRtxKernelInitialize)
    EvrRtxKernelInitializeCompleted          0x08000ae3   Thumb Code     2  rtx_evr.o(i.EvrRtxKernelInitializeCompleted)
    EvrRtxKernelStart                        0x08000ae5   Thumb Code     2  rtx_evr.o(i.EvrRtxKernelStart)
    EvrRtxKernelStarted                      0x08000ae7   Thumb Code     2  rtx_evr.o(i.EvrRtxKernelStarted)
    EvrRtxMemoryAlloc                        0x08000ae9   Thumb Code     2  rtx_evr.o(i.EvrRtxMemoryAlloc)
    EvrRtxMemoryBlockAlloc                   0x08000aeb   Thumb Code     2  rtx_evr.o(i.EvrRtxMemoryBlockAlloc)
    EvrRtxMemoryBlockFree                    0x08000aed   Thumb Code     2  rtx_evr.o(i.EvrRtxMemoryBlockFree)
    EvrRtxMemoryBlockInit                    0x08000aef   Thumb Code     2  rtx_evr.o(i.EvrRtxMemoryBlockInit)
    EvrRtxMemoryFree                         0x08000af1   Thumb Code     2  rtx_evr.o(i.EvrRtxMemoryFree)
    EvrRtxMemoryInit                         0x08000af3   Thumb Code     2  rtx_evr.o(i.EvrRtxMemoryInit)
    EvrRtxMemoryPoolAllocTimeout             0x08000af5   Thumb Code     2  rtx_evr.o(i.EvrRtxMemoryPoolAllocTimeout)
    EvrRtxMessageQueueCreated                0x08000af7   Thumb Code     2  rtx_evr.o(i.EvrRtxMessageQueueCreated)
    EvrRtxMessageQueueError                  0x08000af9   Thumb Code     2  rtx_evr.o(i.EvrRtxMessageQueueError)
    EvrRtxMessageQueueGet                    0x08000afb   Thumb Code     2  rtx_evr.o(i.EvrRtxMessageQueueGet)
    EvrRtxMessageQueueGetPending             0x08000afd   Thumb Code     2  rtx_evr.o(i.EvrRtxMessageQueueGetPending)
    EvrRtxMessageQueueGetTimeout             0x08000aff   Thumb Code     2  rtx_evr.o(i.EvrRtxMessageQueueGetTimeout)
    EvrRtxMessageQueueInsertPending          0x08000b01   Thumb Code     2  rtx_evr.o(i.EvrRtxMessageQueueInsertPending)
    EvrRtxMessageQueueInserted               0x08000b03   Thumb Code     2  rtx_evr.o(i.EvrRtxMessageQueueInserted)
    EvrRtxMessageQueueNew                    0x08000b05   Thumb Code     2  rtx_evr.o(i.EvrRtxMessageQueueNew)
    EvrRtxMessageQueueNotInserted            0x08000b07   Thumb Code     2  rtx_evr.o(i.EvrRtxMessageQueueNotInserted)
    EvrRtxMessageQueueNotRetrieved           0x08000b09   Thumb Code     2  rtx_evr.o(i.EvrRtxMessageQueueNotRetrieved)
    EvrRtxMessageQueuePut                    0x08000b0b   Thumb Code     2  rtx_evr.o(i.EvrRtxMessageQueuePut)
    EvrRtxMessageQueuePutPending             0x08000b0d   Thumb Code     2  rtx_evr.o(i.EvrRtxMessageQueuePutPending)
    EvrRtxMessageQueuePutTimeout             0x08000b0f   Thumb Code     2  rtx_evr.o(i.EvrRtxMessageQueuePutTimeout)
    EvrRtxMessageQueueRetrieved              0x08000b11   Thumb Code     2  rtx_evr.o(i.EvrRtxMessageQueueRetrieved)
    EvrRtxMutexAcquireTimeout                0x08000b13   Thumb Code     2  rtx_evr.o(i.EvrRtxMutexAcquireTimeout)
    EvrRtxMutexAcquired                      0x08000b15   Thumb Code     2  rtx_evr.o(i.EvrRtxMutexAcquired)
    EvrRtxMutexReleased                      0x08000b17   Thumb Code     2  rtx_evr.o(i.EvrRtxMutexReleased)
    EvrRtxSemaphoreAcquireTimeout            0x08000b19   Thumb Code     2  rtx_evr.o(i.EvrRtxSemaphoreAcquireTimeout)
    EvrRtxThreadBlocked                      0x08000b1b   Thumb Code     2  rtx_evr.o(i.EvrRtxThreadBlocked)
    EvrRtxThreadCreated                      0x08000b1d   Thumb Code     2  rtx_evr.o(i.EvrRtxThreadCreated)
    EvrRtxThreadDelayCompleted               0x08000b1f   Thumb Code     2  rtx_evr.o(i.EvrRtxThreadDelayCompleted)
    EvrRtxThreadDestroyed                    0x08000b21   Thumb Code     2  rtx_evr.o(i.EvrRtxThreadDestroyed)
    EvrRtxThreadError                        0x08000b23   Thumb Code     2  rtx_evr.o(i.EvrRtxThreadError)
    EvrRtxThreadExit                         0x08000b25   Thumb Code     2  rtx_evr.o(i.EvrRtxThreadExit)
    EvrRtxThreadFlagsWaitCompleted           0x08000b27   Thumb Code     2  rtx_evr.o(i.EvrRtxThreadFlagsWaitCompleted)
    EvrRtxThreadFlagsWaitTimeout             0x08000b29   Thumb Code     2  rtx_evr.o(i.EvrRtxThreadFlagsWaitTimeout)
    EvrRtxThreadJoined                       0x08000b2b   Thumb Code     2  rtx_evr.o(i.EvrRtxThreadJoined)
    EvrRtxThreadNew                          0x08000b2d   Thumb Code     2  rtx_evr.o(i.EvrRtxThreadNew)
    EvrRtxThreadPreempted                    0x08000b2f   Thumb Code     2  rtx_evr.o(i.EvrRtxThreadPreempted)
    EvrRtxThreadSwitched                     0x08000b31   Thumb Code     2  rtx_evr.o(i.EvrRtxThreadSwitched)
    EvrRtxThreadUnblocked                    0x08000b33   Thumb Code     2  rtx_evr.o(i.EvrRtxThreadUnblocked)
    EvrRtxThreadYield                        0x08000b35   Thumb Code     2  rtx_evr.o(i.EvrRtxThreadYield)
    EvrRtxTimerCallback                      0x08000b37   Thumb Code     2  rtx_evr.o(i.EvrRtxTimerCallback)
    GPIOInit                                 0x08000b39   Thumb Code    98  mybsplib.o(i.GPIOInit)
    GPIOOutputHig                            0x08000b9b   Thumb Code    12  mybsplib.o(i.GPIOOutputHig)
    GPIOOutputLow                            0x08000ba7   Thumb Code    12  mybsplib.o(i.GPIOOutputLow)
    HardFault_Handler                        0x08000bb3   Thumb Code     4  stm32f0xx_it.o(i.HardFault_Handler)
    IWDGFeed                                 0x08000bb9   Thumb Code     8  mybsplib.o(i.IWDGFeed)
    LL_Init1msTick                           0x08000d29   Thumb Code    34  stm32f0xx_ll_utils.o(i.LL_Init1msTick)
    LL_SetSystemCoreClock                    0x08000d51   Thumb Code     6  stm32f0xx_ll_utils.o(i.LL_SetSystemCoreClock)
    NMI_Handler                              0x08000e53   Thumb Code     2  stm32f0xx_it.o(i.NMI_Handler)
    OLEDClear                                0x08000e85   Thumb Code    60  oled.o(i.OLEDClear)
    OLEDPrintDualDot                         0x08000ec1   Thumb Code    28  oled.o(i.OLEDPrintDualDot)
    OS_Tick_AcknowledgeIRQ                   0x08000edd   Thumb Code     6  os_systick.o(i.OS_Tick_AcknowledgeIRQ)
    OS_Tick_Enable                           0x08000ee9   Thumb Code    36  os_systick.o(i.OS_Tick_Enable)
    OS_Tick_GetIRQn                          0x08000f19   Thumb Code     6  os_systick.o(i.OS_Tick_GetIRQn)
    OS_Tick_Setup                            0x08000f21   Thumb Code    74  os_systick.o(i.OS_Tick_Setup)
    SSD1327Init                              0x08000fd5   Thumb Code   224  oled.o(i.SSD1327Init)
    SystemClock_Config                       0x08001139   Thumb Code   282  main.o(i.SystemClock_Config)
    SystemCoreClockUpdate                    0x08001275   Thumb Code   188  system_stm32f0xx.o(i.SystemCoreClockUpdate)
    SystemInit                               0x08001345   Thumb Code   104  system_stm32f0xx.o(i.SystemInit)
    USART2_IRQHandler                        0x0800148d   Thumb Code   174  myloop.o(i.USART2_IRQHandler)
    _Error_Handler                           0x080015bd   Thumb Code     4  main.o(i._Error_Handler)
    __0printf$bare                           0x080015c1   Thumb Code    12  printfb.o(i.__0printf$bare)
    __1printf$bare                           0x080015c1   Thumb Code     0  printfb.o(i.__0printf$bare)
    __2printf                                0x080015c1   Thumb Code     0  printfb.o(i.__0printf$bare)
    __ARM_clz                                0x080015d5   Thumb Code    46  depilogue.o(i.__ARM_clz)
    __ARM_common_ll_muluu                    0x08001603   Thumb Code    50  rred.o(i.__ARM_common_ll_muluu)
    __ARM_common_switch8                     0x08001635   Thumb Code    28  rtx_config.o(i.__ARM_common_switch8)
    __ARM_fpclassify                         0x08001651   Thumb Code    40  fpclassify.o(i.__ARM_fpclassify)
    __ieee754_rem_pio2                       0x080016fd   Thumb Code   838  rred.o(i.__ieee754_rem_pio2)
    __kernel_cos                             0x08001a99   Thumb Code   224  cos_i.o(i.__kernel_cos)
    __kernel_poly                            0x08001b8d   Thumb Code   172  poly.o(i.__kernel_poly)
    __kernel_sin                             0x08001c39   Thumb Code   222  sin_i.o(i.__kernel_sin)
    __mathlib_dbl_infnan                     0x08001d25   Thumb Code    10  dunder.o(i.__mathlib_dbl_infnan)
    __mathlib_dbl_invalid                    0x08001d2f   Thumb Code    16  dunder.o(i.__mathlib_dbl_invalid)
    __mathlib_dbl_underflow                  0x08001d41   Thumb Code    14  dunder.o(i.__mathlib_dbl_underflow)
    __scatterload_copy                       0x08001d55   Thumb Code    14  handlers.o(i.__scatterload_copy)
    __scatterload_null                       0x08001d63   Thumb Code     2  handlers.o(i.__scatterload_null)
    __scatterload_zeroinit                   0x08001d65   Thumb Code    14  handlers.o(i.__scatterload_zeroinit)
    __set_errno                              0x08001d75   Thumb Code     6  errno.o(i.__set_errno)
    cos                                      0x08001da1   Thumb Code   142  cos.o(i.cos)
    fputc                                    0x08001e39   Thumb Code    24  myloop.o(i.fputc)
    initData                                 0x08001e55   Thumb Code   434  myloop.o(i.initData)
    loop                                     0x08002229   Thumb Code     2  myloop.o(i.loop)
    main                                     0x0800222b   Thumb Code    28  main.o(i.main)
    osKernelInitialize                       0x08002249   Thumb Code    50  rtx_kernel.o(i.osKernelInitialize)
    osKernelStart                            0x08002281   Thumb Code    50  rtx_kernel.o(i.osKernelStart)
    osMessageQueueGet                        0x080022b9   Thumb Code    82  rtx_msgqueue.o(i.osMessageQueueGet)
    osMessageQueueNew                        0x08002311   Thumb Code    72  rtx_msgqueue.o(i.osMessageQueueNew)
    osMessageQueuePut                        0x0800235d   Thumb Code    82  rtx_msgqueue.o(i.osMessageQueuePut)
    osRtxErrorNotify                         0x080023b5   Thumb Code    32  rtx_config.o(i.osRtxErrorNotify)
    osRtxIdleThread                          0x080023d5   Thumb Code     4  rtx_config.o(i.osRtxIdleThread)
    osRtxMemoryAlloc                         0x080023e5   Thumb Code   248  rtx_memory.o(i.osRtxMemoryAlloc)
    osRtxMemoryFree                          0x080024dd   Thumb Code   132  rtx_memory.o(i.osRtxMemoryFree)
    osRtxMemoryInit                          0x08002561   Thumb Code   110  rtx_memory.o(i.osRtxMemoryInit)
    osRtxMemoryPoolAlloc                     0x080025cf   Thumb Code    76  rtx_mempool.o(i.osRtxMemoryPoolAlloc)
    osRtxMemoryPoolFree                      0x0800261b   Thumb Code    96  rtx_mempool.o(i.osRtxMemoryPoolFree)
    osRtxMemoryPoolInit                      0x0800267b   Thumb Code    96  rtx_mempool.o(i.osRtxMemoryPoolInit)
    osRtxMutexOwnerRelease                   0x0800280b   Thumb Code    94  rtx_mutex.o(i.osRtxMutexOwnerRelease)
    osRtxPendSV_Handler                      0x08002869   Thumb Code   128  rtx_system.o(i.osRtxPendSV_Handler)
    osRtxPostProcess                         0x080028ed   Thumb Code    54  rtx_system.o(i.osRtxPostProcess)
    osRtxThreadDelayTick                     0x08002a5d   Thumb Code   222  rtx_thread.o(i.osRtxThreadDelayTick)
    osRtxThreadDispatch                      0x08002b41   Thumb Code   106  rtx_thread.o(i.osRtxThreadDispatch)
    osRtxThreadListGet                       0x08002c25   Thumb Code    32  rtx_thread.o(i.osRtxThreadListGet)
    osRtxThreadListPut                       0x08002c45   Thumb Code    56  rtx_thread.o(i.osRtxThreadListPut)
    osRtxThreadListRemove                    0x08002c7d   Thumb Code    30  rtx_thread.o(i.osRtxThreadListRemove)
    osRtxThreadReadyPut                      0x08002cf5   Thumb Code    18  rtx_thread.o(i.osRtxThreadReadyPut)
    osRtxThreadRegPtr                        0x08002d0d   Thumb Code    14  rtx_thread.o(i.osRtxThreadRegPtr)
    osRtxThreadStackCheck                    0x08002d29   Thumb Code     2  rtx_lib.o(i.osRtxThreadStackCheck)
    osRtxThreadStartup                       0x08002d2d   Thumb Code    88  rtx_thread.o(i.osRtxThreadStartup)
    osRtxThreadSwitch                        0x08002d95   Thumb Code    24  rtx_thread.o(i.osRtxThreadSwitch)
    osRtxThreadWaitEnter                     0x08002db1   Thumb Code    78  rtx_thread.o(i.osRtxThreadWaitEnter)
    osRtxThreadWaitExit                      0x08002e05   Thumb Code    52  rtx_thread.o(i.osRtxThreadWaitExit)
    osRtxTick_Handler                        0x08002e39   Thumb Code   164  rtx_system.o(i.osRtxTick_Handler)
    osRtxTimerThread                         0x08002ee1   Thumb Code    78  rtx_timer.o(i.osRtxTimerThread)
    osThreadExit                             0x08002fa1   Thumb Code    26  rtx_thread.o(i.osThreadExit)
    osThreadNew                              0x08002fc1   Thumb Code    72  rtx_thread.o(i.osThreadNew)
    osThreadYield                            0x0800300d   Thumb Code    52  rtx_thread.o(i.osThreadYield)
    setup                                    0x08003045   Thumb Code    80  myloop.o(i.setup)
    showCos                                  0x080030ad   Thumb Code    84  myloop.o(i.showCos)
    showSin                                  0x0800310d   Thumb Code    84  myloop.o(i.showSin)
    showSinPi                                0x0800316d   Thumb Code    84  myloop.o(i.showSinPi)
    sin                                      0x080031cd   Thumb Code   146  sin.o(i.sin)
    osRtxUserSVC                             0x08003e24   Data           4  rtx_lib.o(.constdata)
    AHBPrescTable                            0x08003e28   Data          16  system_stm32f0xx.o(.constdata)
    APBPrescTable                            0x08003e38   Data           8  system_stm32f0xx.o(.constdata)
    osRtxConfig                              0x08003f6c   Data         104  rtx_lib.o(.rodata)
    Region$$Table$$Base                      0x08003fd4   Number         0  anon$$obj.o(Region$$Table)
    Region$$Table$$Limit                     0x08003ff4   Number         0  anon$$obj.o(Region$$Table)
    .bss.os.msgqueue.cb$$Base                0x20000440   Number         0  rtx_lib.o(.bss.os.msgqueue.cb)
    .bss.os.msgqueue.cb$$Limit               0x20000474   Number         0  rtx_lib.o(.bss.os.msgqueue.cb)
    .bss.os.thread.cb$$Base                  0x200004c4   Number         0  rtx_lib.o(.bss.os.thread.cb)
    .bss.os.thread.cb$$Limit                 0x2000054c   Number         0  rtx_lib.o(.bss.os.thread.cb)
    Usart2BufMun                             0x20000750   Data           1  myloop.o(.data)
    Usart2BufFlag                            0x20000751   Data           1  myloop.o(.data)
    LineLen                                  0x20000752   Data           1  myloop.o(.data)
    LineHei                                  0x20000753   Data           1  myloop.o(.data)
    SystemCoreClock                          0x20000758   Data           4  system_stm32f0xx.o(.data)
    __stdout                                 0x2000075c   Data           4  stdout.o(.data)
    osRtxInfo                                0x20000764   Data         164  rtx_kernel.o(.data.os)
    Usart2Buf                                0x20000808   Data        2040  myloop.o(.bss)
    Usart2BufLen                             0x20001000   Data         255  myloop.o(.bss)
    Str_buff                                 0x200010ff   Data          20  myloop.o(.bss)
    DotBuff_sin                              0x20001113   Data          64  myloop.o(.bss)
    ShowBuff_sin                             0x20001153   Data          64  myloop.o(.bss)
    DotBuff_cos                              0x20001193   Data          64  myloop.o(.bss)
    ShowBuff_cos                             0x200011d3   Data          64  myloop.o(.bss)
    DotBuff_sinPi                            0x20001213   Data          64  myloop.o(.bss)
    ShowBuff_sinPi                           0x20001253   Data          64  myloop.o(.bss)
    __initial_sp                             0x20001698   Data           0  startup_stm32f042x6.o(STACK)



==============================================================================

Memory Map of the image

  Image Entry point : 0x080000c1

  Load Region LR_IROM1 (Base: 0x08000000, Size: 0x000047fc, Max: 0x00008000, ABSOLUTE, COMPRESSED[0x00004014])

    Execution Region ER_IROM1 (Exec base: 0x08000000, Load base: 0x08000000, Size: 0x00003ff4, Max: 0x00008000, ABSOLUTE)

    Exec Addr    Load Addr    Size         Type   Attr      Idx    E Section Name        Object

    0x08000000   0x08000000   0x000000c0   Data   RO         3423    RESET               startup_stm32f042x6.o
    0x080000c0   0x080000c0   0x00000000   Code   RO         3477  * .ARM.Collect$$$$00000000  mc_p.l(entry.o)
    0x080000c0   0x080000c0   0x00000004   Code   RO         3804    .ARM.Collect$$$$00000001  mc_p.l(entry2.o)
    0x080000c4   0x080000c4   0x00000004   Code   RO         3807    .ARM.Collect$$$$00000004  mc_p.l(entry5.o)
    0x080000c8   0x080000c8   0x00000000   Code   RO         3809    .ARM.Collect$$$$00000008  mc_p.l(entry7b.o)
    0x080000c8   0x080000c8   0x00000000   Code   RO         3811    .ARM.Collect$$$$0000000A  mc_p.l(entry8b.o)
    0x080000c8   0x080000c8   0x00000008   Code   RO         3812    .ARM.Collect$$$$0000000B  mc_p.l(entry9a.o)
    0x080000d0   0x080000d0   0x00000000   Code   RO         3814    .ARM.Collect$$$$0000000D  mc_p.l(entry10a.o)
    0x080000d0   0x080000d0   0x00000000   Code   RO         3816    .ARM.Collect$$$$0000000F  mc_p.l(entry11a.o)
    0x080000d0   0x080000d0   0x00000004   Code   RO         3805    .ARM.Collect$$$$00002712  mc_p.l(entry2.o)
    0x080000d4   0x080000d4   0x000000a4   Code   RO          534    .text               irq_cm0.o
    0x08000178   0x08000178   0x00000058   Code   RO         3424    .text               startup_stm32f042x6.o
    0x080001d0   0x080001d0   0x0000002c   Code   RO         3480    .text               mc_p.l(uidiv.o)
    0x080001fc   0x080001fc   0x00000028   Code   RO         3482    .text               mc_p.l(idiv.o)
    0x08000224   0x08000224   0x00000024   Code   RO         3484    .text               mc_p.l(memcpya.o)
    0x08000248   0x08000248   0x00000024   Code   RO         3486    .text               mc_p.l(memseta.o)
    0x0800026c   0x0800026c   0x000000b2   Code   RO         3750    .text               mf_p.l(fadd.o)
    0x0800031e   0x0800031e   0x0000007a   Code   RO         3752    .text               mf_p.l(fmul.o)
    0x08000398   0x08000398   0x0000007c   Code   RO         3754    .text               mf_p.l(fdiv.o)
    0x08000414   0x08000414   0x00000164   Code   RO         3756    .text               mf_p.l(dadd.o)
    0x08000578   0x08000578   0x000000d0   Code   RO         3758    .text               mf_p.l(dmul.o)
    0x08000648   0x08000648   0x000000f0   Code   RO         3760    .text               mf_p.l(ddiv.o)
    0x08000738   0x08000738   0x0000000e   Code   RO         3762    .text               mf_p.l(ffltui.o)
    0x08000746   0x08000746   0x00000002   PAD
    0x08000748   0x08000748   0x00000028   Code   RO         3764    .text               mf_p.l(dflti.o)
    0x08000770   0x08000770   0x0000001c   Code   RO         3766    .text               mf_p.l(dfltui.o)
    0x0800078c   0x0800078c   0x00000028   Code   RO         3768    .text               mf_p.l(ffixui.o)
    0x080007b4   0x080007b4   0x0000003c   Code   RO         3770    .text               mf_p.l(dfixui.o)
    0x080007f0   0x080007f0   0x00000028   Code   RO         3772    .text               mf_p.l(f2d.o)
    0x08000818   0x08000818   0x00000020   Code   RO         3821    .text               mc_p.l(llshl.o)
    0x08000838   0x08000838   0x00000022   Code   RO         3823    .text               mc_p.l(llushr.o)
    0x0800085a   0x0800085a   0x00000026   Code   RO         3825    .text               mc_p.l(llsshr.o)
    0x08000880   0x08000880   0x00000000   Code   RO         3834    .text               mc_p.l(iusefp.o)
    0x08000880   0x08000880   0x00000082   Code   RO         3835    .text               mf_p.l(fepilogue.o)
    0x08000902   0x08000902   0x000000be   Code   RO         3837    .text               mf_p.l(depilogue.o)
    0x080009c0   0x080009c0   0x00000024   Code   RO         3850    .text               mc_p.l(init.o)
    0x080009e4   0x080009e4   0x0000002c   Code   RO         3852    .text               mf_p.l(dscalb.o)
    0x08000a10   0x08000a10   0x00000048   Code   RO         3854    .text               mf_p.l(dfixi.o)
    0x08000a58   0x08000a58   0x0000003a   Code   RO         3863    .text               mc_p.l(__dczerorl.o)
    0x08000a92   0x08000a92   0x00000018   Code   RO          268    i.BspInit           mybsplib.o
    0x08000aaa   0x08000aaa   0x00000002   PAD
    0x08000aac   0x08000aac   0x00000030   Code   RO          269    i.DelayInit         mybsplib.o
    0x08000adc   0x08000adc   0x00000002   Code   RO          761    i.EvrRtxEventFlagsWaitTimeout  rtx_evr.o
    0x08000ade   0x08000ade   0x00000002   Code   RO          762    i.EvrRtxKernelError  rtx_evr.o
    0x08000ae0   0x08000ae0   0x00000002   Code   RO          770    i.EvrRtxKernelInitialize  rtx_evr.o
    0x08000ae2   0x08000ae2   0x00000002   Code   RO          771    i.EvrRtxKernelInitializeCompleted  rtx_evr.o
    0x08000ae4   0x08000ae4   0x00000002   Code   RO          778    i.EvrRtxKernelStart  rtx_evr.o
    0x08000ae6   0x08000ae6   0x00000002   Code   RO          779    i.EvrRtxKernelStarted  rtx_evr.o
    0x08000ae8   0x08000ae8   0x00000002   Code   RO          784    i.EvrRtxMemoryAlloc  rtx_evr.o
    0x08000aea   0x08000aea   0x00000002   Code   RO          785    i.EvrRtxMemoryBlockAlloc  rtx_evr.o
    0x08000aec   0x08000aec   0x00000002   Code   RO          786    i.EvrRtxMemoryBlockFree  rtx_evr.o
    0x08000aee   0x08000aee   0x00000002   Code   RO          787    i.EvrRtxMemoryBlockInit  rtx_evr.o
    0x08000af0   0x08000af0   0x00000002   Code   RO          788    i.EvrRtxMemoryFree  rtx_evr.o
    0x08000af2   0x08000af2   0x00000002   Code   RO          789    i.EvrRtxMemoryInit  rtx_evr.o
    0x08000af4   0x08000af4   0x00000002   Code   RO          793    i.EvrRtxMemoryPoolAllocTimeout  rtx_evr.o
    0x08000af6   0x08000af6   0x00000002   Code   RO          808    i.EvrRtxMessageQueueCreated  rtx_evr.o
    0x08000af8   0x08000af8   0x00000002   Code   RO          811    i.EvrRtxMessageQueueError  rtx_evr.o
    0x08000afa   0x08000afa   0x00000002   Code   RO          812    i.EvrRtxMessageQueueGet  rtx_evr.o
    0x08000afc   0x08000afc   0x00000002   Code   RO          817    i.EvrRtxMessageQueueGetPending  rtx_evr.o
    0x08000afe   0x08000afe   0x00000002   Code   RO          819    i.EvrRtxMessageQueueGetTimeout  rtx_evr.o
    0x08000b00   0x08000b00   0x00000002   Code   RO          820    i.EvrRtxMessageQueueInsertPending  rtx_evr.o
    0x08000b02   0x08000b02   0x00000002   Code   RO          821    i.EvrRtxMessageQueueInserted  rtx_evr.o
    0x08000b04   0x08000b04   0x00000002   Code   RO          822    i.EvrRtxMessageQueueNew  rtx_evr.o
    0x08000b06   0x08000b06   0x00000002   Code   RO          823    i.EvrRtxMessageQueueNotInserted  rtx_evr.o
    0x08000b08   0x08000b08   0x00000002   Code   RO          824    i.EvrRtxMessageQueueNotRetrieved  rtx_evr.o
    0x08000b0a   0x08000b0a   0x00000002   Code   RO          825    i.EvrRtxMessageQueuePut  rtx_evr.o
    0x08000b0c   0x08000b0c   0x00000002   Code   RO          826    i.EvrRtxMessageQueuePutPending  rtx_evr.o
    0x08000b0e   0x08000b0e   0x00000002   Code   RO          827    i.EvrRtxMessageQueuePutTimeout  rtx_evr.o
    0x08000b10   0x08000b10   0x00000002   Code   RO          830    i.EvrRtxMessageQueueRetrieved  rtx_evr.o
    0x08000b12   0x08000b12   0x00000002   Code   RO          833    i.EvrRtxMutexAcquireTimeout  rtx_evr.o
    0x08000b14   0x08000b14   0x00000002   Code   RO          834    i.EvrRtxMutexAcquired  rtx_evr.o
    0x08000b16   0x08000b16   0x00000002   Code   RO          844    i.EvrRtxMutexReleased  rtx_evr.o
    0x08000b18   0x08000b18   0x00000002   Code   RO          847    i.EvrRtxSemaphoreAcquireTimeout  rtx_evr.o
    0x08000b1a   0x08000b1a   0x00000002   Code   RO          859    i.EvrRtxThreadBlocked  rtx_evr.o
    0x08000b1c   0x08000b1c   0x00000002   Code   RO          860    i.EvrRtxThreadCreated  rtx_evr.o
    0x08000b1e   0x08000b1e   0x00000002   Code   RO          862    i.EvrRtxThreadDelayCompleted  rtx_evr.o
    0x08000b20   0x08000b20   0x00000002   Code   RO          864    i.EvrRtxThreadDestroyed  rtx_evr.o
    0x08000b22   0x08000b22   0x00000002   Code   RO          868    i.EvrRtxThreadError  rtx_evr.o
    0x08000b24   0x08000b24   0x00000002   Code   RO          869    i.EvrRtxThreadExit  rtx_evr.o
    0x08000b26   0x08000b26   0x00000002   Code   RO          876    i.EvrRtxThreadFlagsWaitCompleted  rtx_evr.o
    0x08000b28   0x08000b28   0x00000002   Code   RO          879    i.EvrRtxThreadFlagsWaitTimeout  rtx_evr.o
    0x08000b2a   0x08000b2a   0x00000002   Code   RO          889    i.EvrRtxThreadJoined  rtx_evr.o
    0x08000b2c   0x08000b2c   0x00000002   Code   RO          890    i.EvrRtxThreadNew   rtx_evr.o
    0x08000b2e   0x08000b2e   0x00000002   Code   RO          891    i.EvrRtxThreadPreempted  rtx_evr.o
    0x08000b30   0x08000b30   0x00000002   Code   RO          897    i.EvrRtxThreadSwitched  rtx_evr.o
    0x08000b32   0x08000b32   0x00000002   Code   RO          899    i.EvrRtxThreadUnblocked  rtx_evr.o
    0x08000b34   0x08000b34   0x00000002   Code   RO          900    i.EvrRtxThreadYield  rtx_evr.o
    0x08000b36   0x08000b36   0x00000002   Code   RO          901    i.EvrRtxTimerCallback  rtx_evr.o
    0x08000b38   0x08000b38   0x00000062   Code   RO          273    i.GPIOInit          mybsplib.o
    0x08000b9a   0x08000b9a   0x0000000c   Code   RO          275    i.GPIOOutputHig     mybsplib.o
    0x08000ba6   0x08000ba6   0x0000000c   Code   RO          276    i.GPIOOutputLow     mybsplib.o
    0x08000bb2   0x08000bb2   0x00000004   Code   RO          132    i.HardFault_Handler  stm32f0xx_it.o
    0x08000bb6   0x08000bb6   0x00000002   PAD
    0x08000bb8   0x08000bb8   0x00000010   Code   RO          279    i.IWDGFeed          mybsplib.o
    0x08000bc8   0x08000bc8   0x00000044   Code   RO          280    i.IWDGInit          mybsplib.o
    0x08000c0c   0x08000c0c   0x00000012   Code   RO         1762    i.IsIrqMasked       rtx_kernel.o
    0x08000c1e   0x08000c1e   0x00000012   Code   RO         2162    i.IsIrqMasked       rtx_msgqueue.o
    0x08000c30   0x08000c30   0x00000012   Code   RO         2600    i.IsIrqMasked       rtx_thread.o
    0x08000c42   0x08000c42   0x00000012   Code   RO         1763    i.IsIrqMode         rtx_kernel.o
    0x08000c54   0x08000c54   0x00000012   Code   RO         2163    i.IsIrqMode         rtx_msgqueue.o
    0x08000c66   0x08000c66   0x00000012   Code   RO         2601    i.IsIrqMode         rtx_thread.o
    0x08000c78   0x08000c78   0x0000004c   Code   RO          373    i.LCD_WriteByteSPI  oled.o
    0x08000cc4   0x08000cc4   0x00000064   Code   RO            3    i.LL_Init           main.o
    0x08000d28   0x08000d28   0x00000028   Code   RO         3313    i.LL_Init1msTick    stm32f0xx_ll_utils.o
    0x08000d50   0x08000d50   0x0000000c   Code   RO         3322    i.LL_SetSystemCoreClock  stm32f0xx_ll_utils.o
    0x08000d5c   0x08000d5c   0x00000024   Code   RO            4    i.MX_GPIO_Init      main.o
    0x08000d80   0x08000d80   0x0000000a   Code   RO         1961    i.MemBlockPtr       rtx_memory.o
    0x08000d8a   0x08000d8a   0x00000048   Code   RO         2164    i.MessageQueueGet   rtx_msgqueue.o
    0x08000dd2   0x08000dd2   0x0000005a   Code   RO         2165    i.MessageQueuePut   rtx_msgqueue.o
    0x08000e2c   0x08000e2c   0x00000026   Code   RO         2166    i.MessageQueueRemove  rtx_msgqueue.o
    0x08000e52   0x08000e52   0x00000002   Code   RO          133    i.NMI_Handler       stm32f0xx_it.o
    0x08000e54   0x08000e54   0x00000030   Code   RO          375    i.OLEDAreaSet       oled.o
    0x08000e84   0x08000e84   0x0000003c   Code   RO          376    i.OLEDClear         oled.o
    0x08000ec0   0x08000ec0   0x0000001c   Code   RO          378    i.OLEDPrintDualDot  oled.o
    0x08000edc   0x08000edc   0x0000000c   Code   RO         3133    i.OS_Tick_AcknowledgeIRQ  os_systick.o
    0x08000ee8   0x08000ee8   0x00000030   Code   RO         3135    i.OS_Tick_Enable    os_systick.o
    0x08000f18   0x08000f18   0x00000006   Code   RO         3138    i.OS_Tick_GetIRQn   os_systick.o
    0x08000f1e   0x08000f1e   0x00000002   PAD
    0x08000f20   0x08000f20   0x00000060   Code   RO         3141    i.OS_Tick_Setup     os_systick.o
    0x08000f80   0x08000f80   0x00000054   Code   RO          281    i.RCCReset          mybsplib.o
    0x08000fd4   0x08000fd4   0x000000e0   Code   RO          381    i.SSD1327Init       oled.o
    0x080010b4   0x080010b4   0x00000084   Code   RO          382    i.Spi1Init          oled.o
    0x08001138   0x08001138   0x0000013c   Code   RO            5    i.SystemClock_Config  main.o
    0x08001274   0x08001274   0x000000d0   Code   RO         3430    i.SystemCoreClockUpdate  system_stm32f0xx.o
    0x08001344   0x08001344   0x00000074   Code   RO         3431    i.SystemInit        system_stm32f0xx.o
    0x080013b8   0x080013b8   0x00000076   Code   RO         2602    i.ThreadFlagsCheck  rtx_thread.o
    0x0800142e   0x0800142e   0x00000002   PAD
    0x08001430   0x08001430   0x00000044   Code   RO         3016    i.TimerInsert       rtx_timer.o
    0x08001474   0x08001474   0x00000018   Code   RO         3018    i.TimerUnlink       rtx_timer.o
    0x0800148c   0x0800148c   0x000000c8   Code   RO          179    i.USART2_IRQHandler  myloop.o
    0x08001554   0x08001554   0x00000034   Code   RO          383    i.WriteCmd          oled.o
    0x08001588   0x08001588   0x00000034   Code   RO          384    i.WriteDat          oled.o
    0x080015bc   0x080015bc   0x00000004   Code   RO            6    i._Error_Handler    main.o
    0x080015c0   0x080015c0   0x00000014   Code   RO         3491    i.__0printf$bare    mc_p.l(printfb.o)
    0x080015d4   0x080015d4   0x0000002e   Code   RO         3840    i.__ARM_clz         mf_p.l(depilogue.o)
    0x08001602   0x08001602   0x00000032   Code   RO         3796    i.__ARM_common_ll_muluu  m_ps.l(rred.o)
    0x08001634   0x08001634   0x0000001c   Code   RO          524    i.__ARM_common_switch8  rtx_config.o
    0x08001650   0x08001650   0x0000002c   Code   RO         3846    i.__ARM_fpclassify  m_ps.l(fpclassify.o)
    0x0800167c   0x0800167c   0x00000078   Code   RO            7    i.__NVIC_SetPriority  main.o
    0x080016f4   0x080016f4   0x00000006   Code   RO         2605    i.__get_PRIMASK     rtx_thread.o
    0x080016fa   0x080016fa   0x00000002   PAD
    0x080016fc   0x080016fc   0x0000039c   Code   RO         3791    i.__ieee754_rem_pio2  m_ps.l(rred.o)
    0x08001a98   0x08001a98   0x000000f4   Code   RO         3774    i.__kernel_cos      m_ps.l(cos_i.o)
    0x08001b8c   0x08001b8c   0x000000ac   Code   RO         3848    i.__kernel_poly     m_ps.l(poly.o)
    0x08001c38   0x08001c38   0x000000ec   Code   RO         3798    i.__kernel_sin      m_ps.l(sin_i.o)
    0x08001d24   0x08001d24   0x0000000a   Code   RO         3778    i.__mathlib_dbl_infnan  m_ps.l(dunder.o)
    0x08001d2e   0x08001d2e   0x00000010   Code   RO         3780    i.__mathlib_dbl_invalid  m_ps.l(dunder.o)
    0x08001d3e   0x08001d3e   0x00000002   PAD
    0x08001d40   0x08001d40   0x00000014   Code   RO         3783    i.__mathlib_dbl_underflow  m_ps.l(dunder.o)
    0x08001d54   0x08001d54   0x0000000e   Code   RO         3857    i.__scatterload_copy  mc_p.l(handlers.o)
    0x08001d62   0x08001d62   0x00000002   Code   RO         3858    i.__scatterload_null  mc_p.l(handlers.o)
    0x08001d64   0x08001d64   0x0000000e   Code   RO         3859    i.__scatterload_zeroinit  mc_p.l(handlers.o)
    0x08001d72   0x08001d72   0x00000002   PAD
    0x08001d74   0x08001d74   0x0000000c   Code   RO         3829    i.__set_errno       mc_p.l(errno.o)
    0x08001d80   0x08001d80   0x0000001e   Code   RO         3498    i._printf_core      mc_p.l(printfb.o)
    0x08001d9e   0x08001d9e   0x00000002   PAD
    0x08001da0   0x08001da0   0x00000098   Code   RO         3462    i.cos               m_ps.l(cos.o)
    0x08001e38   0x08001e38   0x0000001c   Code   RO          181    i.fputc             myloop.o
    0x08001e54   0x08001e54   0x000001d0   Code   RO          182    i.initData          myloop.o
    0x08002024   0x08002024   0x0000009a   Code   RO         2167    i.isrRtxMessageQueueGet  rtx_msgqueue.o
    0x080020be   0x080020be   0x000000a2   Code   RO         2168    i.isrRtxMessageQueuePut  rtx_msgqueue.o
    0x08002160   0x08002160   0x00000064   Code   RO         2549    i.isr_queue_get     rtx_system.o
    0x080021c4   0x080021c4   0x00000064   Code   RO         2550    i.isr_queue_put     rtx_system.o
    0x08002228   0x08002228   0x00000002   Code   RO          183    i.loop              myloop.o
    0x0800222a   0x0800222a   0x0000001c   Code   RO            8    i.main              main.o
    0x08002246   0x08002246   0x00000002   PAD
    0x08002248   0x08002248   0x00000038   Code   RO         1773    i.osKernelInitialize  rtx_kernel.o
    0x08002280   0x08002280   0x00000038   Code   RO         1777    i.osKernelStart     rtx_kernel.o
    0x080022b8   0x080022b8   0x00000058   Code   RO         2170    i.osMessageQueueGet  rtx_msgqueue.o
    0x08002310   0x08002310   0x0000004c   Code   RO         2176    i.osMessageQueueNew  rtx_msgqueue.o
    0x0800235c   0x0800235c   0x00000058   Code   RO         2177    i.osMessageQueuePut  rtx_msgqueue.o
    0x080023b4   0x080023b4   0x00000020   Code   RO          503    i.osRtxErrorNotify  rtx_config.o
    0x080023d4   0x080023d4   0x00000004   Code   RO          504    i.osRtxIdleThread   rtx_config.o
    0x080023d8   0x080023d8   0x0000000c   Code   RO         2607    i.osRtxKernelGetState  rtx_thread.o
    0x080023e4   0x080023e4   0x000000f8   Code   RO         1962    i.osRtxMemoryAlloc  rtx_memory.o
    0x080024dc   0x080024dc   0x00000084   Code   RO         1963    i.osRtxMemoryFree   rtx_memory.o
    0x08002560   0x08002560   0x0000006e   Code   RO         1964    i.osRtxMemoryInit   rtx_memory.o
    0x080025ce   0x080025ce   0x0000004c   Code   RO         2014    i.osRtxMemoryPoolAlloc  rtx_mempool.o
    0x0800261a   0x0800261a   0x00000060   Code   RO         2015    i.osRtxMemoryPoolFree  rtx_mempool.o
    0x0800267a   0x0800267a   0x00000060   Code   RO         2016    i.osRtxMemoryPoolInit  rtx_mempool.o
    0x080026da   0x080026da   0x00000130   Code   RO         2179    i.osRtxMessageQueuePostProcess  rtx_msgqueue.o
    0x0800280a   0x0800280a   0x0000005e   Code   RO         2340    i.osRtxMutexOwnerRelease  rtx_mutex.o
    0x08002868   0x08002868   0x00000084   Code   RO         2551    i.osRtxPendSV_Handler  rtx_system.o
    0x080028ec   0x080028ec   0x00000040   Code   RO         2552    i.osRtxPostProcess  rtx_system.o
    0x0800292c   0x0800292c   0x00000040   Code   RO         2608    i.osRtxThreadBlock  rtx_thread.o
    0x0800296c   0x0800296c   0x00000070   Code   RO         2609    i.osRtxThreadDelayInsert  rtx_thread.o
    0x080029dc   0x080029dc   0x00000080   Code   RO         2610    i.osRtxThreadDelayRemove  rtx_thread.o
    0x08002a5c   0x08002a5c   0x000000e4   Code   RO         2611    i.osRtxThreadDelayTick  rtx_thread.o
    0x08002b40   0x08002b40   0x00000070   Code   RO         2612    i.osRtxThreadDispatch  rtx_thread.o
    0x08002bb0   0x08002bb0   0x00000068   Code   RO         2613    i.osRtxThreadFree   rtx_thread.o
    0x08002c18   0x08002c18   0x0000000c   Code   RO         2614    i.osRtxThreadGetRunning  rtx_thread.o
    0x08002c24   0x08002c24   0x00000020   Code   RO         2615    i.osRtxThreadListGet  rtx_thread.o
    0x08002c44   0x08002c44   0x00000038   Code   RO         2616    i.osRtxThreadListPut  rtx_thread.o
    0x08002c7c   0x08002c7c   0x0000001e   Code   RO         2617    i.osRtxThreadListRemove  rtx_thread.o
    0x08002c9a   0x08002c9a   0x00000014   Code   RO         2618    i.osRtxThreadListRoot  rtx_thread.o
    0x08002cae   0x08002cae   0x00000044   Code   RO         2621    i.osRtxThreadPostProcess  rtx_thread.o
    0x08002cf2   0x08002cf2   0x00000002   PAD
    0x08002cf4   0x08002cf4   0x00000018   Code   RO         2622    i.osRtxThreadReadyPut  rtx_thread.o
    0x08002d0c   0x08002d0c   0x0000000e   Code   RO         2623    i.osRtxThreadRegPtr  rtx_thread.o
    0x08002d1a   0x08002d1a   0x00000002   PAD
    0x08002d1c   0x08002d1c   0x0000000c   Code   RO         2624    i.osRtxThreadSetRunning  rtx_thread.o
    0x08002d28   0x08002d28   0x00000002   Code   RO          459    i.osRtxThreadStackCheck  rtx_lib.o
    0x08002d2a   0x08002d2a   0x00000002   PAD
    0x08002d2c   0x08002d2c   0x00000068   Code   RO         2626    i.osRtxThreadStartup  rtx_thread.o
    0x08002d94   0x08002d94   0x0000001c   Code   RO         2627    i.osRtxThreadSwitch  rtx_thread.o
    0x08002db0   0x08002db0   0x00000054   Code   RO         2628    i.osRtxThreadWaitEnter  rtx_thread.o
    0x08002e04   0x08002e04   0x00000034   Code   RO         2629    i.osRtxThreadWaitExit  rtx_thread.o
    0x08002e38   0x08002e38   0x000000a8   Code   RO         2553    i.osRtxTick_Handler  rtx_system.o
    0x08002ee0   0x08002ee0   0x0000005c   Code   RO         3019    i.osRtxTimerThread  rtx_timer.o
    0x08002f3c   0x08002f3c   0x00000064   Code   RO         3020    i.osRtxTimerTick    rtx_timer.o
    0x08002fa0   0x08002fa0   0x00000020   Code   RO         2632    i.osThreadExit      rtx_thread.o
    0x08002fc0   0x08002fc0   0x0000004c   Code   RO         2645    i.osThreadNew       rtx_thread.o
    0x0800300c   0x0800300c   0x00000038   Code   RO         2650    i.osThreadYield     rtx_thread.o
    0x08003044   0x08003044   0x00000068   Code   RO          184    i.setup             myloop.o
    0x080030ac   0x080030ac   0x00000060   Code   RO          185    i.showCos           myloop.o
    0x0800310c   0x0800310c   0x00000060   Code   RO          186    i.showSin           myloop.o
    0x0800316c   0x0800316c   0x00000060   Code   RO          187    i.showSinPi         myloop.o
    0x080031cc   0x080031cc   0x0000009c   Code   RO         3470    i.sin               m_ps.l(sin.o)
    0x08003268   0x08003268   0x00000294   Code   RO         1786    i.svcRtxKernelInitialize  rtx_kernel.o
    0x080034fc   0x080034fc   0x000000d4   Code   RO         1790    i.svcRtxKernelStart  rtx_kernel.o
    0x080035d0   0x080035d0   0x0000015c   Code   RO         2181    i.svcRtxMessageQueueGet  rtx_msgqueue.o
    0x0800372c   0x0800372c   0x000001c0   Code   RO         2187    i.svcRtxMessageQueueNew  rtx_msgqueue.o
    0x080038ec   0x080038ec   0x00000148   Code   RO         2188    i.svcRtxMessageQueuePut  rtx_msgqueue.o
    0x08003a34   0x08003a34   0x000000a0   Code   RO         2653    i.svcRtxThreadExit  rtx_thread.o
    0x08003ad4   0x08003ad4   0x000002a8   Code   RO         2666    i.svcRtxThreadNew   rtx_thread.o
    0x08003d7c   0x08003d7c   0x00000048   Code   RO         2671    i.svcRtxThreadYield  rtx_thread.o
    0x08003dc4   0x08003dc4   0x00000064   Data   RO          465    .constdata          rtx_lib.o
    0x08003e28   0x08003e28   0x00000018   Data   RO         3432    .constdata          system_stm32f0xx.o
    0x08003e40   0x08003e40   0x00000030   Data   RO         3775    .constdata          m_ps.l(cos_i.o)
    0x08003e70   0x08003e70   0x000000c8   Data   RO         3793    .constdata          m_ps.l(rred.o)
    0x08003f38   0x08003f38   0x00000028   Data   RO         3799    .constdata          m_ps.l(sin_i.o)
    0x08003f60   0x08003f60   0x0000000b   Data   RO         1793    .conststrlit        rtx_kernel.o
    0x08003f6b   0x08003f6b   0x00000001   PAD
    0x08003f6c   0x08003f6c   0x00000068   Data   RO          467    .rodata             rtx_lib.o
    0x08003fd4   0x08003fd4   0x00000020   Data   RO         3856    Region$$Table       anon$$obj.o


    Execution Region RW_IRAM1 (Exec base: 0x20000000, Load base: 0x08003ff4, Size: 0x00001698, Max: 0x00001800, ABSOLUTE, COMPRESSED[0x00000020])

    Exec Addr    Load Addr    Size         Type   Attr      Idx    E Section Name        Object

    0x20000000   COMPRESSED   0x00000440   Data   RW          460    .bss.os             rtx_lib.o
    0x20000440   COMPRESSED   0x00000034   Data   RW          461    .bss.os.msgqueue.cb  rtx_lib.o
    0x20000474   COMPRESSED   0x00000050   Data   RW          462    .bss.os.msgqueue.mem  rtx_lib.o
    0x200004c4   COMPRESSED   0x00000088   Data   RW          463    .bss.os.thread.cb   rtx_lib.o
    0x2000054c   COMPRESSED   0x00000004   PAD
    0x20000550   COMPRESSED   0x00000200   Data   RW          464    .bss.os.thread.stack  rtx_lib.o
    0x20000750   COMPRESSED   0x00000005   Data   RW          189    .data               myloop.o
    0x20000755   COMPRESSED   0x00000001   Data   RW          284    .data               mybsplib.o
    0x20000756   COMPRESSED   0x00000001   Data   RW         3142    .data               os_systick.o
    0x20000757   COMPRESSED   0x00000001   PAD
    0x20000758   COMPRESSED   0x00000004   Data   RW         3433    .data               system_stm32f0xx.o
    0x2000075c   COMPRESSED   0x00000004   Data   RW         3818    .data               mc_p.l(stdout.o)
    0x20000760   COMPRESSED   0x00000004   Data   RW         3830    .data               mc_p.l(errno.o)
    0x20000764   COMPRESSED   0x000000a4   Data   RW         1794    .data.os            rtx_kernel.o
    0x20000808        -       0x00000a8b   Zero   RW          188    .bss                myloop.o
    0x20001293   COMPRESSED   0x00000005   PAD
    0x20001298        -       0x00000400   Zero   RW         3421    STACK               startup_stm32f042x6.o


==============================================================================

Image component sizes


      Code (inc. data)   RO Data    RW Data    ZI Data      Debug   Object Name

       164          8          0          0          0        584   irq_cm0.o
       604         60          0          0          0     386121   main.o
       362         62          0          1          0       4117   mybsplib.o
      1086        120          0          5       2699      10610   myloop.o
       672          0          0          0          0       4073   oled.o
       162         40          0          1          0       2276   os_systick.o
        64          8          0          0          0       8236   rtx_config.o
         0          0          0          0          0       4912   rtx_delay.o
        92          0          0          0          0      24949   rtx_evr.o
      1020         36         11        164          0      17074   rtx_kernel.o
         2          0        204       1868          0       8883   rtx_lib.o
       500          0          0          0          0       4039   rtx_memory.o
       268          0          0          0          0       2727   rtx_mempool.o
      2232         34          0          0          0      19304   rtx_msgqueue.o
        94          0          0          0          0       1477   rtx_mutex.o
       564         40          0          0          0      10661   rtx_system.o
      2532        130          0          0          0      25400   rtx_thread.o
       284         28          0          0          0       3151   rtx_timer.o
        88         38        192          0       1024        644   startup_stm32f042x6.o
         6          0          0          0          0        782   stm32f0xx_it.o
        52         12          0          0          0       2393   stm32f0xx_ll_utils.o
       324         32         24          4          0       1963   system_stm32f0xx.o

    ----------------------------------------------------------------------
     11190        648        464       2048       3728     544376   Object Totals
         0          0         32          0          0          0   (incl. Generated)
        18          0          1          5          5          0   (incl. Padding)

    ----------------------------------------------------------------------

      Code (inc. data)   RO Data    RW Data    ZI Data      Debug   Library Member Name

       152         10          0          0          0        104   cos.o
       244         20         48          0          0         92   cos_i.o
        46          6          0          0          0        204   dunder.o
        44          4          0          0          0         60   fpclassify.o
       172          0          0          0          0         76   poly.o
       974         86        200          0          0        200   rred.o
       156         10          0          0          0        104   sin.o
       236         14         40          0          0        100   sin_i.o
        58          0          0          0          0          0   __dczerorl.o
         0          0          0          0          0          0   entry.o
         0          0          0          0          0          0   entry10a.o
         0          0          0          0          0          0   entry11a.o
         8          4          0          0          0          0   entry2.o
         4          0          0          0          0          0   entry5.o
         0          0          0          0          0          0   entry7b.o
         0          0          0          0          0          0   entry8b.o
         8          4          0          0          0          0   entry9a.o
        12          6          0          4          0         60   errno.o
        30          0          0          0          0          0   handlers.o
        40          0          0          0          0         72   idiv.o
        36          8          0          0          0         68   init.o
         0          0          0          0          0          0   iusefp.o
        32          0          0          0          0         68   llshl.o
        38          0          0          0          0         68   llsshr.o
        34          0          0          0          0         68   llushr.o
        36          0          0          0          0         60   memcpya.o
        36          0          0          0          0        100   memseta.o
        50          8          0          0          0        144   printfb.o
         0          0          0          4          0          0   stdout.o
        44          0          0          0          0         72   uidiv.o
       356          4          0          0          0        140   dadd.o
       240          6          0          0          0         84   ddiv.o
       236          0          0          0          0        216   depilogue.o
        72         10          0          0          0         72   dfixi.o
        60         10          0          0          0         68   dfixui.o
        40          6          0          0          0         68   dflti.o
        28          4          0          0          0         68   dfltui.o
       208          6          0          0          0         88   dmul.o
        44          0          0          0          0         72   dscalb.o
        40          0          0          0          0         60   f2d.o
       178          0          0          0          0        108   fadd.o
       124          0          0          0          0         72   fdiv.o
       130          0          0          0          0        144   fepilogue.o
        40          0          0          0          0         60   ffixui.o
        14          0          0          0          0         68   ffltui.o
       122          0          0          0          0         72   fmul.o

    ----------------------------------------------------------------------
      4430        226        288          8          0       3180   Library Totals
         8          0          0          0          0          0   (incl. Padding)

    ----------------------------------------------------------------------

      Code (inc. data)   RO Data    RW Data    ZI Data      Debug   Library Name

      2024        150        288          0          0        940   m_ps.l
       466         30          0          8          0        780   mc_p.l
      1932         46          0          0          0       1460   mf_p.l

    ----------------------------------------------------------------------
      4430        226        288          8          0       3180   Library Totals

    ----------------------------------------------------------------------

==============================================================================


      Code (inc. data)   RO Data    RW Data    ZI Data      Debug   

     15620        874        752       2056       3728     539368   Grand Totals
     15620        874        752         32       3728     539368   ELF Image Totals (compressed)
     15620        874        752         32          0          0   ROM Totals

==============================================================================

    Total RO  Size (Code + RO Data)                16372 (  15.99kB)
    Total RW  Size (RW Data + ZI Data)              5784 (   5.65kB)
    Total ROM Size (Code + RO Data + RW Data)      16404 (  16.02kB)

==============================================================================

